Microchip MPLAB XC8 Compiler V2.05 ()

Linker command line:

-W-3 --edf=C:\Program Files (x86)\Microchip\xc8\v2.05\pic\dat\en_msgs.txt \
  -cs -h+dist/default/production\AliceRobot3.0.X.production.sym \
  --cmf=dist/default/production\AliceRobot3.0.X.production.cmf -z -Q18F4620 \
  -oC:\Users\AB\AppData\Local\Temp\sa0g.2 --defsym=__MPLAB_BUILD=1 \
  -Mdist/default/production/AliceRobot3.0.X.production.map -E1 -ver=XC8 \
  --acfsm=1493 -ASTACK=0280h-0F7Fh -pstack=STACK -ACODE=00h-0FFFFh \
  -ACONST=00h-0FFFFh -ASMALLCONST=01000h-010FFhx240 \
  -AMEDIUMCONST=01000h-0FFFFh -ACOMRAM=01h-07Fh -AABS1=00h-0F7Fh \
  -ABIGRAM=01h-0F7Fh -ARAM=080h-0FFh,0100h-01FFhx14,0F00h-0F7Fh \
  -ABANK0=080h-0FFh -ABANK1=0100h-01FFh -ABANK2=0200h-02FFh \
  -ABANK3=0300h-03FFh -ABANK4=0400h-04FFh -ABANK5=0500h-05FFh \
  -ABANK6=0600h-06FFh -ABANK7=0700h-07FFh -ABANK8=0800h-08FFh \
  -ABANK9=0900h-09FFh -ABANK10=0A00h-0AFFh -ABANK11=0B00h-0BFFh \
  -ABANK12=0C00h-0CFFh -ABANK13=0D00h-0DFFh -ABANK14=0E00h-0EFFh \
  -ABANK15=0F00h-0F7Fh -ASFR=0F80h-0FFFh \
  -preset_vec=00h,intcode=08h,intcodelo,powerup,init -pramtop=01000h \
  -psmallconst=SMALLCONST -pmediumconst=MEDIUMCONST -pconst=CONST \
  -AFARRAM=00h-00h -ACONFIG=0300000h-030000Dh -pconfig=CONFIG \
  -AIDLOC=0200000h-0200007h -pidloc=IDLOC -AEEDATA=0F00000h-0F003FFh \
  -peeprom_data=EEDATA \
  -prdata=COMRAM,nvrram=COMRAM,nvbit=COMRAM,rbss=COMRAM,rbit=COMRAM \
  -pfarbss=FARRAM,fardata=FARRAM,nvFARRAM=FARRAM \
  -pintsave_regs=BIGRAM,bigbss=BIGRAM,bigdata=BIGRAM -pbss=RAM \
  -pidata=CODE,irdata=CODE,ibigdata=CODE,ifardata=CODE -prparam=COMRAM \
  C:\Users\AB\AppData\Local\Temp\sa0g.o \
  dist/default/production\AliceRobot3.0.X.production.o 

Object code version is 3.11

Machine type is 18F4620

Call graph: (short form)




                Name                               Link     Load   Length Selector   Space Scale
C:\Users\AB\AppData\Local\Temp\sa0g.o
                init                                  E        E        4        4       0
                reset_vec                             0        0        4        0       0
                idloc                            200000   200000        8   200000       0
                config                           300000   300000        E   300000       0
dist/default/production\AliceRobot3.0.X.production.o
                intcode                               8        8        6        4       0
                temp                                 65       65        1        1       1
                smallconst                         1000     1000       5A      800       0
                text64                             2B64     2B64      30C      82D       0
                text63                             4816     4816       46      82D       0
                intcode_body                       345E     345E      18E      82D       0
                text61                             4A8C     4A8C        E      82D       0
                text60                             4AF4     4AF4        6     2577       0
                text59                             4AEE     4AEE        6     2577       0
                text58                             4ADE     4ADE        8      82D       0
                text57                             4AD6     4AD6        8      82D       0
                text56                             4ABC     4ABC        A      82D       0
                text55                             4ACE     4ACE        8      82D       0
                text54                             4AC6     4AC6        8      82D       0
                text53                             4AB2     4AB2        A      82D       0
                text52                             4390     4390       82      82D       0
                text51                             44F2     44F2       5C      82D       0
                text50                             498A     498A       2A      82D       0
                text49                             4A64     4A64       16      82D       0
                text48                             4A7A     4A7A       12      82D       0
                text47                             4AA6     4AA6        C      82D       0
                text46                             46EC     46EC       4E      82D       0
                text45                             4786     4786       4A      82D       0
                text44                             49B4     49B4       28      82D       0
                text43                             3D50     3D50       CC      82D       0
                text42                             41F4     41F4       8E      82D       0
                text41                             4A28     4A28       20      82D       0
                text40                             4A02     4A02       26      82D       0
                text39                             4A48     4A48       1C      82D       0
                text38                             3ED6     3ED6       AA      82D       0
                text37                             2858     2858      30C      82D       0
                text36                             2E70     2E70      288      82D       0
                text35                             3BB4     3BB4       D0      82D       0
                text34                             2504     2504      354      82D       0
                text33                             3E1C     3E1C       BA      82D       0
                text32                             372C     372C      140      82D       0
                text31                             3AA4     3AA4      110      82D       0
                text30                             3994     3994      110      82D       0
                text29                             32AE     32AE      1B0      82D       0
                text28                             4482     4482       70      82D       0
                text27                             464C     464C       52      82D       0
                text26                             49DC     49DC       26      82D       0
                text25                             4902     4902       30      82D       0
                text24                             485C     485C       3E      82D       0
                text23                             35EC     35EC      140      82D       0
                text22                             4A9A     4A9A        C      82D       0
                text21                             4022     4022       A0      82D       0
                text20                             489A     489A       38      82D       0
                text19                             4960     4960       2A      82D       0
                text18                             415E     415E       96      82D       0
                text17                             469E     469E       4E      82D       0
                text16                             430C     430C       84      82D       0
                text15                             4412     4412       70      82D       0
                text14                             4282     4282       8A      82D       0
                text13                             4932     4932       2E      82D       0
                text12                             47D0     47D0       46      82D       0
                text11                             3C84     3C84       CC      82D       0
                text10                             30F8     30F8      1B6      82D       0
                text9                              45F8     45F8       54      82D       0
                text8                              48D2     48D2       30      82D       0
                text7                              473A     473A       4C      82D       0
                text6                              105A     105A      97E      82D       0
                text5                              386C     386C      128      82D       0
                text4                              3F80     3F80       A2      82D       0
                text3                              19D8     19D8      5DC      82D       0
                text2                              454E     454E       56      82D       0
                text1                              45A4     45A4       54      82D       0
                text0                              1FB4     1FB4      550      82D       0
                cstackCOMRAM                          1        1       4B        1       1
                cstackBANK0                          80       80       75       80       1
                cstackBANK1                         100      100       73      100       1
                bssBANK2                            200      200       80      200       1
                dataBANK1                           1DD      1DD        7      100       1
                bssBANK1                            173      173       6A      100       1
                dataBANK0                            F9       F9        4       80       1
                bssBANK0                             F5       F5        4       80       1
                dataCOMRAM                           61       61        4        1       1
                bssCOMRAM                            4C       4C       15        1       1
                cinit                              40C2     40C2       9C      82D       0
                idataBANK1                         4AE6     4AE6        7      82D       0
                idataBANK0                         4AFE     4AFE        4     2577       0
                idataCOMRAM                        4AFA     4AFA        4     2577       0

TOTAL           Name                               Link     Load   Length     Space
        CLASS   STACK          

        CLASS   CODE           
                intcode                               8        8        6         0
                init                                  E        E        4         0
                reset_vec                             0        0        4         0
                text64                             2B64     2B64      30C         0
                text63                             4816     4816       46         0
                intcode_body                       345E     345E      18E         0
                text61                             4A8C     4A8C        E         0
                text60                             4AF4     4AF4        6         0
                text59                             4AEE     4AEE        6         0
                text58                             4ADE     4ADE        8         0
                text57                             4AD6     4AD6        8         0
                text56                             4ABC     4ABC        A         0
                text55                             4ACE     4ACE        8         0
                text54                             4AC6     4AC6        8         0
                text53                             4AB2     4AB2        A         0
                text52                             4390     4390       82         0
                text51                             44F2     44F2       5C         0
                text50                             498A     498A       2A         0
                text49                             4A64     4A64       16         0
                text48                             4A7A     4A7A       12         0
                text47                             4AA6     4AA6        C         0
                text46                             46EC     46EC       4E         0
                text45                             4786     4786       4A         0
                text44                             49B4     49B4       28         0
                text43                             3D50     3D50       CC         0
                text42                             41F4     41F4       8E         0
                text41                             4A28     4A28       20         0
                text40                             4A02     4A02       26         0
                text39                             4A48     4A48       1C         0
                text38                             3ED6     3ED6       AA         0
                text37                             2858     2858      30C         0
                text36                             2E70     2E70      288         0
                text35                             3BB4     3BB4       D0         0
                text34                             2504     2504      354         0
                text33                             3E1C     3E1C       BA         0
                text32                             372C     372C      140         0
                text31                             3AA4     3AA4      110         0
                text30                             3994     3994      110         0
                text29                             32AE     32AE      1B0         0
                text28                             4482     4482       70         0
                text27                             464C     464C       52         0
                text26                             49DC     49DC       26         0
                text25                             4902     4902       30         0
                text24                             485C     485C       3E         0
                text23                             35EC     35EC      140         0
                text22                             4A9A     4A9A        C         0
                text21                             4022     4022       A0         0
                text20                             489A     489A       38         0
                text19                             4960     4960       2A         0
                text18                             415E     415E       96         0
                text17                             469E     469E       4E         0
                text16                             430C     430C       84         0
                text15                             4412     4412       70         0
                text14                             4282     4282       8A         0
                text13                             4932     4932       2E         0
                text12                             47D0     47D0       46         0
                text11                             3C84     3C84       CC         0
                text10                             30F8     30F8      1B6         0
                text9                              45F8     45F8       54         0
                text8                              48D2     48D2       30         0
                text7                              473A     473A       4C         0
                text6                              105A     105A      97E         0
                text5                              386C     386C      128         0
                text4                              3F80     3F80       A2         0
                text3                              19D8     19D8      5DC         0
                text2                              454E     454E       56         0
                text1                              45A4     45A4       54         0
                text0                              1FB4     1FB4      550         0
                cinit                              40C2     40C2       9C         0
                idataBANK1                         4AE6     4AE6        7         0
                idataBANK0                         4AFE     4AFE        4         0
                idataCOMRAM                        4AFA     4AFA        4         0

        CLASS   CONST          

        CLASS   SMALLCONST     
                smallconst                         1000     1000       5A         0

        CLASS   MEDIUMCONST    

        CLASS   COMRAM         
                temp                                 65       65        1         1
                cstackCOMRAM                          1        1       4B         1
                dataCOMRAM                           61       61        4         1
                bssCOMRAM                            4C       4C       15         1

        CLASS   ABS1           

        CLASS   BIGRAM         

        CLASS   RAM            

        CLASS   BANK0          
                cstackBANK0                          80       80       75         1
                dataBANK0                            F9       F9        4         1
                bssBANK0                             F5       F5        4         1

        CLASS   BANK1          
                cstackBANK1                         100      100       73         1
                dataBANK1                           1DD      1DD        7         1
                bssBANK1                            173      173       6A         1

        CLASS   BANK2          
                bssBANK2                            200      200       80         1

        CLASS   BANK3          

        CLASS   BANK4          

        CLASS   BANK5          

        CLASS   BANK6          

        CLASS   BANK7          

        CLASS   BANK8          

        CLASS   BANK9          

        CLASS   BANK10         

        CLASS   BANK11         

        CLASS   BANK12         

        CLASS   BANK13         

        CLASS   BANK14         

        CLASS   BANK15         

        CLASS   SFR            

        CLASS   FARRAM         

        CLASS   CONFIG         
                config                           300000   300000        E         0

        CLASS   IDLOC          
                idloc                            200000   200000        8         0

        CLASS   EEDATA         



SEGMENTS        Name                           Load    Length   Top    Selector   Space  Class

                reset_vec                      000000  000004  000004         0       0  CODE    
                cstackCOMRAM                   000001  000065  000066         1       1  COMRAM  
                intcode                        000008  00000A  000012         4       0  CODE    
                cstackBANK0                    000080  00007D  0000FD        80       1  BANK0   
                cstackBANK1                    000100  0000E4  0001E4       100       1  BANK1   
                bssBANK2                       000200  000080  000280       200       1  BANK2   
                smallconst                     001000  00005A  00105A       800       0  SMALLCON
                text6                          00105A  003A93  004AED       82D       0  CODE    
                text59                         004AEE  000014  004B02      2577       0  CODE    
                idloc                          200000  000008  200008    200000       0  IDLOC   
                config                         300000  00000E  30000E    300000       0  CONFIG  


UNUSED ADDRESS RANGES

        Name                Unused          Largest block    Delta
        BANK0            0000FD-0000FF                3
        BANK1            0001E4-0001FF               1C
        BANK10           000A00-000AFF              100
        BANK11           000B00-000BFF              100
        BANK12           000C00-000CFF              100
        BANK13           000D00-000DFF              100
        BANK14           000E00-000EFF              100
        BANK15           000F00-000F7F               80
        BANK2            000280-0002FF               80
        BANK3            000300-0003FF              100
        BANK4            000400-0004FF              100
        BANK5            000500-0005FF              100
        BANK6            000600-0006FF              100
        BANK7            000700-0007FF              100
        BANK8            000800-0008FF              100
        BANK9            000900-0009FF              100
        BIGRAM           000066-00007F               1A
                         0000FD-0000FF                3
                         0001E4-0001FF               1C
                         000280-000F7F              D00
        CODE             000004-000007                4
                         000012-000FFF              FEE
                         004AED-004AED                1
                         004B02-00FFFF             B4FE
        COMRAM           000066-00007F               1A
        CONST            000004-000007                4
                         000012-000FFF              FEE
                         004AED-004AED                1
                         004B02-00FFFF             B4FE
        EEDATA           F00000-F003FF              400
        MEDIUMCONST      004AED-004AED                1
                         004B02-00FFFF             B4FE
        RAM              0000FD-0000FF                3
                         0001E4-0001FF               1C
                         000280-000F7F              100
        SFR              000F80-000FFF               80
        SMALLCONST       004AED-004AED                1
                         004B02-00FFFF              100
        STACK            000280-000F7F              D00

                                  Symbol Table

?_UART_available                               cstackCOMRAM 00001B
?___aldiv                                      cstackCOMRAM 00001B
?___awdiv                                      cstackCOMRAM 00001B
?___awmod                                      cstackCOMRAM 00001B
?___fladd                                      cstackCOMRAM 000034
?___fldiv                                      cstackCOMRAM 00001B
?___flmul                                      cstackCOMRAM 000034
?___flneg                                      cstackCOMRAM 00001B
?___flsub                                      cstackCOMRAM 000044
?___fltol                                      cstackCOMRAM 000040
?___fpclassifyf                                cstackCOMRAM 00001B
?___lldiv                                      cstackCOMRAM 00001B
?___wmul                                       cstackCOMRAM 00001B
?___xxtofl                                     cstackCOMRAM 00001B
?_atoi                                         cstackCOMRAM 000022
?_ctoa                                         cstackCOMRAM 00003A
?_efgtoa                                       cstackBANK0  00008D
?_floorf                                       cstackCOMRAM 000034
?_isdigit                                      cstackCOMRAM 00001B
?_isspace                                      cstackCOMRAM 00001B
?_isupper                                      cstackCOMRAM 00001B
?_pad                                          cstackCOMRAM 00002F
?_sprintf                                      cstackBANK1  000100
?_stoa                                         cstackCOMRAM 000028
?_strlen                                       cstackCOMRAM 00001B
?_strncmp                                      cstackCOMRAM 00001B
?_tolower                                      cstackCOMRAM 000021
?_vfpfcnvrt                                    cstackBANK0  0000D1
?_vfprintf                                     cstackBANK0  0000ED
?i2___fladd                                    cstackCOMRAM 000001
?i2___flsub                                    cstackCOMRAM 000011
I2C_Master_Init@clockFreq                      cstackCOMRAM 000028
LCD_set_cursor@column                          cstackCOMRAM 000021
LCD_set_cursor@row                             cstackCOMRAM 00001F
LCD_write_str@i                                cstackCOMRAM 000021
LCD_write_str@str                              cstackCOMRAM 00001E
UART_Init@baudRate                             cstackCOMRAM 00002D
UART_read@c                                    cstackCOMRAM 00001B
UART_send_char@c                               cstackCOMRAM 00001B
UART_send_string@i                             cstackCOMRAM 000020
UART_send_string@message                       cstackCOMRAM 00001C
_ADCON0                                        (abs)        000FC2
_ADCON1                                        (abs)        000FC1
_ADCON2                                        (abs)        000FC0
_ADCON2bits                                    (abs)        000FC0
_CCP1M0                                        (abs)        007DE8
_CCP1M1                                        (abs)        007DE9
_CCP1M2                                        (abs)        007DEA
_CCP1M3                                        (abs)        007DEB
_CCP1X                                         (abs)        007DED
_CCP1Y                                         (abs)        007DEC
_CCP2M0                                        (abs)        007DD0
_CCP2M1                                        (abs)        007DD1
_CCP2M2                                        (abs)        007DD2
_CCP2M3                                        (abs)        007DD3
_CCP2X                                         (abs)        007DD5
_CCP2Y                                         (abs)        007DD4
_CCPR1L                                        (abs)        000FBE
_CCPR2L                                        (abs)        000FBB
_CMCONbits                                     (abs)        000FB4
_CVRCON                                        (abs)        000FB5
_DCMotorAllOff                                 text61       004A8C
_DCMotorCenterLeft                             text60       004AF4
_DCMotorCenterRight                            text59       004AEE
_DCMotorLeftBkwd                               text58       004ADE
_DCMotorLeftFwd                                text55       004ACE
_DCMotorLeftRightBkwdON                        text56       004ABC
_DCMotorLeftRightFwdON                         text53       004AB2
_DCMotorRightBkwd                              text57       004AD6
_DCMotorRightFwd                               text54       004AC6
_I2C_Master_Init                               text51       0044F2
_INT0IE                                        (abs)        007F94
_INT0IF                                        (abs)        007F91
_INT1IE                                        (abs)        007F83
_INT1IF                                        (abs)        007F80
_INT2IE                                        (abs)        007F84
_INT2IF                                        (abs)        007F81
_INTCONbits                                    (abs)        000FF2
_INTEDG0                                       (abs)        007F8E
_INTEDG1                                       (abs)        007F8D
_LATA                                          (abs)        000F89
_LATAbits                                      (abs)        000F89
_LATB                                          (abs)        000F8A
_LATC                                          (abs)        000F8B
_LATD                                          (abs)        000F8C
_LATDbits                                      (abs)        000F8C
_LATE                                          (abs)        000F8D
_LCD_LINE1_ADDR                                smallconst   00101A
_LCD_SIZE_HORZ                                 smallconst   00101C
_LCD_SIZE_VERT                                 smallconst   00101B
_LCD_set_cursor                                text46       0046EC
_LCD_write_str                                 text45       004786
_P1M0                                          (abs)        007DEE
_P1M1                                          (abs)        007DEF
_PIE1bits                                      (abs)        000F9D
_PORTB                                         (abs)        000F81
_PORTDbits                                     (abs)        000F83
_PR2                                           (abs)        000FCB
_PWMSetup                                      text44       0049B4
_RCIE                                          (abs)        007CED
_RCIF                                          (abs)        007CF5
_RCREG                                         (abs)        000FAE
_RCSTAbits                                     (abs)        000FAB
_SPBRG                                         (abs)        000FAF
_SSPADD                                        (abs)        000FC8
_SSPBUF                                        (abs)        000FC9
_SSPCON1                                       (abs)        000FC6
_SSPCON1bits                                   (abs)        000FC6
_SSPCON2                                       (abs)        000FC5
_SSPCON2bits                                   (abs)        000FC5
_SSPSTAT                                       (abs)        000FC7
_T2CKPS0                                       (abs)        007E50
_T2CKPS1                                       (abs)        007E51
_TMR2ON                                        (abs)        007E52
_TRISA                                         (abs)        000F92
_TRISB                                         (abs)        000F93
_TRISC                                         (abs)        000F94
_TRISCbits                                     (abs)        000F94
_TRISD                                         (abs)        000F95
_TXIE                                          (abs)        007CEC
_TXIF                                          (abs)        007CF4
_TXREG                                         (abs)        000FAD
_TXSTAbits                                     (abs)        000FAC
_UART_Init                                     text42       0041F4
_UART_available                                text41       004A28
_UART_read                                     text40       004A02
_UART_send_char                                text39       004A48
_UART_send_string                              text38       003ED6
__CFG_BOREN$SBORDIS                            (abs)        000000
__CFG_BORV$3                                   (abs)        000000
__CFG_CCP2MX$PORTC                             (abs)        000000
__CFG_CP0$OFF                                  (abs)        000000
__CFG_CP1$OFF                                  (abs)        000000
__CFG_CP2$OFF                                  (abs)        000000
__CFG_CP3$OFF                                  (abs)        000000
__CFG_CPB$OFF                                  (abs)        000000
__CFG_CPD$ON                                   (abs)        000000
__CFG_EBTR0$OFF                                (abs)        000000
__CFG_EBTR1$OFF                                (abs)        000000
__CFG_EBTR2$OFF                                (abs)        000000
__CFG_EBTR3$OFF                                (abs)        000000
__CFG_EBTRB$OFF                                (abs)        000000
__CFG_FCMEN$OFF                                (abs)        000000
__CFG_IESO$OFF                                 (abs)        000000
__CFG_LPT1OSC$OFF                              (abs)        000000
__CFG_LVP$OFF                                  (abs)        000000
__CFG_MCLRE$ON                                 (abs)        000000
__CFG_OSC$HSPLL                                (abs)        000000
__CFG_PBADEN$ON                                (abs)        000000
__CFG_PWRT$OFF                                 (abs)        000000
__CFG_STVREN$ON                                (abs)        000000
__CFG_WDT$OFF                                  (abs)        000000
__CFG_WDTPS$32768                              (abs)        000000
__CFG_WRT0$OFF                                 (abs)        000000
__CFG_WRT1$OFF                                 (abs)        000000
__CFG_WRT2$OFF                                 (abs)        000000
__CFG_WRT3$OFF                                 (abs)        000000
__CFG_WRTB$OFF                                 (abs)        000000
__CFG_WRTC$OFF                                 (abs)        000000
__CFG_WRTD$OFF                                 (abs)        000000
__CFG_XINST$OFF                                (abs)        000000
__HRAM                                         (abs)        000000
__Habs1                                        abs1         000000
__Hbank0                                       bank0        000000
__Hbank1                                       bank1        000000
__Hbank10                                      bank10       000000
__Hbank11                                      bank11       000000
__Hbank12                                      bank12       000000
__Hbank13                                      bank13       000000
__Hbank14                                      bank14       000000
__Hbank15                                      bank15       000000
__Hbank2                                       bank2        000000
__Hbank3                                       bank3        000000
__Hbank4                                       bank4        000000
__Hbank5                                       bank5        000000
__Hbank6                                       bank6        000000
__Hbank7                                       bank7        000000
__Hbank8                                       bank8        000000
__Hbank9                                       bank9        000000
__Hbigbss                                      bigbss       000000
__Hbigdata                                     bigdata      000000
__Hbigram                                      bigram       000000
__Hbss                                         bss          000000
__HbssBANK0                                    bssBANK0     000000
__HbssBANK1                                    bssBANK1     000000
__HbssBANK2                                    bssBANK2     000000
__HbssCOMRAM                                   bssCOMRAM    000000
__Hcinit                                       cinit        000000
__Hclrtext                                     clrtext      000000
__Hcomram                                      comram       000000
__Hconfig                                      config       30000E
__Hconst                                       const        000000
__HcstackBANK0                                 cstackBANK0  000000
__HcstackBANK1                                 cstackBANK1  000000
__HcstackCOMRAM                                cstackCOMRAM 000000
__Hdata                                        data         000000
__HdataBANK0                                   dataBANK0    000000
__HdataBANK1                                   dataBANK1    000000
__HdataCOMRAM                                  dataCOMRAM   000000
__Heeprom_data                                 eeprom_data  000000
__Hfarbss                                      farbss       000000
__Hfardata                                     fardata      000000
__Hibigdata                                    ibigdata     000000
__Hidata                                       idata        000000
__HidataBANK0                                  idataBANK0   000000
__HidataBANK1                                  idataBANK1   000000
__HidataCOMRAM                                 idataCOMRAM  000000
__Hidloc                                       idloc        200008
__Hifardata                                    ifardata     000000
__Hinit                                        init         000012
__Hintcode                                     intcode      00000E
__Hintcode_body                                intcode_body 000000
__Hintcodelo                                   intcodelo    00000E
__Hintentry                                    intentry     000000
__Hintret                                      intret       000000
__Hintsave_regs                                intsave_regs 000000
__Hirdata                                      irdata       000000
__Hmediumconst                                 mediumconst  000000
__HnvFARRAM                                    nvFARRAM     000000
__Hnvbit                                       nvbit        000000
__Hnvrram                                      nvrram       000000
__Hparam                                       rparam       000000
__Hpowerup                                     powerup      00000E
__Hram                                         ram          000000
__Hramtop                                      ramtop       001000
__Hrbit                                        rbit         000000
__Hrbss                                        rbss         000000
__Hrdata                                       rdata        000000
__Hreset_vec                                   reset_vec    000004
__Hrparam                                      rparam       000000
__Hsfr                                         sfr          000000
__Hsmallconst                                  smallconst   00105A
__Hspace_0                                     (abs)        30000E
__Hspace_1                                     (abs)        000280
__Hspace_2                                     (abs)        000000
__Hstack                                       stack        000000
__Hstruct                                      struct       000000
__Htemp                                        temp         000066
__Htext                                        text         000000
__Htext0                                       text0        000000
__Htext1                                       text1        000000
__Htext10                                      text10       000000
__Htext11                                      text11       000000
__Htext12                                      text12       000000
__Htext13                                      text13       000000
__Htext14                                      text14       000000
__Htext15                                      text15       000000
__Htext16                                      text16       000000
__Htext17                                      text17       000000
__Htext18                                      text18       000000
__Htext19                                      text19       000000
__Htext2                                       text2        000000
__Htext20                                      text20       000000
__Htext21                                      text21       000000
__Htext22                                      text22       000000
__Htext23                                      text23       000000
__Htext24                                      text24       000000
__Htext25                                      text25       000000
__Htext26                                      text26       000000
__Htext27                                      text27       000000
__Htext28                                      text28       000000
__Htext29                                      text29       000000
__Htext3                                       text3        000000
__Htext30                                      text30       000000
__Htext31                                      text31       000000
__Htext32                                      text32       000000
__Htext33                                      text33       000000
__Htext34                                      text34       000000
__Htext35                                      text35       000000
__Htext36                                      text36       000000
__Htext37                                      text37       000000
__Htext38                                      text38       000000
__Htext39                                      text39       000000
__Htext4                                       text4        000000
__Htext40                                      text40       000000
__Htext41                                      text41       000000
__Htext42                                      text42       000000
__Htext43                                      text43       000000
__Htext44                                      text44       000000
__Htext45                                      text45       000000
__Htext46                                      text46       000000
__Htext47                                      text47       000000
__Htext48                                      text48       000000
__Htext49                                      text49       000000
__Htext5                                       text5        000000
__Htext50                                      text50       000000
__Htext51                                      text51       000000
__Htext52                                      text52       000000
__Htext53                                      text53       000000
__Htext54                                      text54       000000
__Htext55                                      text55       000000
__Htext56                                      text56       000000
__Htext57                                      text57       000000
__Htext58                                      text58       000000
__Htext59                                      text59       000000
__Htext6                                       text6        000000
__Htext60                                      text60       000000
__Htext61                                      text61       000000
__Htext63                                      text63       000000
__Htext64                                      text64       000000
__Htext7                                       text7        000000
__Htext8                                       text8        000000
__Htext9                                       text9        000000
__LRAM                                         (abs)        000001
__Labs1                                        abs1         000000
__Lbank0                                       bank0        000000
__Lbank1                                       bank1        000000
__Lbank10                                      bank10       000000
__Lbank11                                      bank11       000000
__Lbank12                                      bank12       000000
__Lbank13                                      bank13       000000
__Lbank14                                      bank14       000000
__Lbank15                                      bank15       000000
__Lbank2                                       bank2        000000
__Lbank3                                       bank3        000000
__Lbank4                                       bank4        000000
__Lbank5                                       bank5        000000
__Lbank6                                       bank6        000000
__Lbank7                                       bank7        000000
__Lbank8                                       bank8        000000
__Lbank9                                       bank9        000000
__Lbigbss                                      bigbss       000000
__Lbigdata                                     bigdata      000000
__Lbigram                                      bigram       000000
__Lbss                                         bss          000000
__LbssBANK0                                    bssBANK0     000000
__LbssBANK1                                    bssBANK1     000000
__LbssBANK2                                    bssBANK2     000000
__LbssCOMRAM                                   bssCOMRAM    000000
__Lcinit                                       cinit        000000
__Lclrtext                                     clrtext      000000
__Lcomram                                      comram       000000
__Lconfig                                      config       300000
__Lconst                                       const        000000
__LcstackBANK0                                 cstackBANK0  000000
__LcstackBANK1                                 cstackBANK1  000000
__LcstackCOMRAM                                cstackCOMRAM 000000
__Ldata                                        data         000000
__LdataBANK0                                   dataBANK0    000000
__LdataBANK1                                   dataBANK1    000000
__LdataCOMRAM                                  dataCOMRAM   000000
__Leeprom_data                                 eeprom_data  000000
__Lfarbss                                      farbss       000000
__Lfardata                                     fardata      000000
__Libigdata                                    ibigdata     000000
__Lidata                                       idata        000000
__LidataBANK0                                  idataBANK0   000000
__LidataBANK1                                  idataBANK1   000000
__LidataCOMRAM                                 idataCOMRAM  000000
__Lidloc                                       idloc        200000
__Lifardata                                    ifardata     000000
__Linit                                        init         00000E
__Lintcode                                     intcode      000008
__Lintcode_body                                intcode_body 000000
__Lintcodelo                                   intcodelo    00000E
__Lintentry                                    intentry     000000
__Lintret                                      intret       000000
__Lintsave_regs                                intsave_regs 000000
__Lirdata                                      irdata       000000
__Lmediumconst                                 mediumconst  000000
__LnvFARRAM                                    nvFARRAM     000000
__Lnvbit                                       nvbit        000000
__Lnvrram                                      nvrram       000000
__Lparam                                       rparam       000000
__Lpowerup                                     powerup      00000E
__Lram                                         ram          000000
__Lramtop                                      ramtop       001000
__Lrbit                                        rbit         000000
__Lrbss                                        rbss         000000
__Lrdata                                       rdata        000000
__Lreset_vec                                   reset_vec    000000
__Lrparam                                      rparam       000000
__Lsfr                                         sfr          000000
__Lsmallconst                                  smallconst   001000
__Lspace_0                                     (abs)        000000
__Lspace_1                                     (abs)        000000
__Lspace_2                                     (abs)        000000
__Lstack                                       stack        000000
__Lstruct                                      struct       000000
__Ltemp                                        temp         000065
__Ltext                                        text         000000
__Ltext0                                       text0        000000
__Ltext1                                       text1        000000
__Ltext10                                      text10       000000
__Ltext11                                      text11       000000
__Ltext12                                      text12       000000
__Ltext13                                      text13       000000
__Ltext14                                      text14       000000
__Ltext15                                      text15       000000
__Ltext16                                      text16       000000
__Ltext17                                      text17       000000
__Ltext18                                      text18       000000
__Ltext19                                      text19       000000
__Ltext2                                       text2        000000
__Ltext20                                      text20       000000
__Ltext21                                      text21       000000
__Ltext22                                      text22       000000
__Ltext23                                      text23       000000
__Ltext24                                      text24       000000
__Ltext25                                      text25       000000
__Ltext26                                      text26       000000
__Ltext27                                      text27       000000
__Ltext28                                      text28       000000
__Ltext29                                      text29       000000
__Ltext3                                       text3        000000
__Ltext30                                      text30       000000
__Ltext31                                      text31       000000
__Ltext32                                      text32       000000
__Ltext33                                      text33       000000
__Ltext34                                      text34       000000
__Ltext35                                      text35       000000
__Ltext36                                      text36       000000
__Ltext37                                      text37       000000
__Ltext38                                      text38       000000
__Ltext39                                      text39       000000
__Ltext4                                       text4        000000
__Ltext40                                      text40       000000
__Ltext41                                      text41       000000
__Ltext42                                      text42       000000
__Ltext43                                      text43       000000
__Ltext44                                      text44       000000
__Ltext45                                      text45       000000
__Ltext46                                      text46       000000
__Ltext47                                      text47       000000
__Ltext48                                      text48       000000
__Ltext49                                      text49       000000
__Ltext5                                       text5        000000
__Ltext50                                      text50       000000
__Ltext51                                      text51       000000
__Ltext52                                      text52       000000
__Ltext53                                      text53       000000
__Ltext54                                      text54       000000
__Ltext55                                      text55       000000
__Ltext56                                      text56       000000
__Ltext57                                      text57       000000
__Ltext58                                      text58       000000
__Ltext59                                      text59       000000
__Ltext6                                       text6        000000
__Ltext60                                      text60       000000
__Ltext61                                      text61       000000
__Ltext63                                      text63       000000
__Ltext64                                      text64       000000
__Ltext7                                       text7        000000
__Ltext8                                       text8        000000
__Ltext9                                       text9        000000
__S0                                           (abs)        30000E
__S1                                           (abs)        000280
__S2                                           (abs)        000000
___aldiv                                       text43       003D50
___aldiv@counter                               cstackCOMRAM 000023
___aldiv@dividend                              cstackCOMRAM 00001B
___aldiv@divisor                               cstackCOMRAM 00001F
___aldiv@quotient                              cstackCOMRAM 000025
___aldiv@sign                                  cstackCOMRAM 000024
___awdiv                                       text16       00430C
___awdiv@counter                               cstackCOMRAM 00001F
___awdiv@dividend                              cstackCOMRAM 00001B
___awdiv@divisor                               cstackCOMRAM 00001D
___awdiv@quotient                              cstackCOMRAM 000021
___awdiv@sign                                  cstackCOMRAM 000020
___awmod                                       text15       004412
___awmod@counter                               cstackCOMRAM 00001F
___awmod@dividend                              cstackCOMRAM 00001B
___awmod@divisor                               cstackCOMRAM 00001D
___awmod@sign                                  cstackCOMRAM 000020
___fladd                                       text37       002858
___fladd@a                                     cstackCOMRAM 000038
___fladd@aexp                                  cstackCOMRAM 000041
___fladd@b                                     cstackCOMRAM 000034
___fladd@bexp                                  cstackCOMRAM 000042
___fladd@grs                                   cstackCOMRAM 000043
___fladd@signs                                 cstackCOMRAM 000040
___fldiv                                       text36       002E70
___fldiv@a                                     cstackCOMRAM 00001F
___fldiv@aexp                                  cstackCOMRAM 000033
___fldiv@b                                     cstackCOMRAM 00001B
___fldiv@bexp                                  cstackCOMRAM 000032
___fldiv@grs                                   cstackCOMRAM 00002E
___fldiv@new_exp                               cstackCOMRAM 00002C
___fldiv@rem                                   cstackCOMRAM 000027
___fldiv@sign                                  cstackCOMRAM 00002B
___fleq                                        text14       004282
___fleq@ff1                                    cstackCOMRAM 00001B
___fleq@ff2                                    cstackCOMRAM 00001F
___flge                                        text35       003BB4
___flge@ff1                                    cstackCOMRAM 000040
___flge@ff2                                    cstackCOMRAM 000044
___flmul                                       text34       002504
___flmul@a                                     cstackCOMRAM 000038
___flmul@aexp                                  cstackBANK0  000081
___flmul@b                                     cstackCOMRAM 000034
___flmul@bexp                                  cstackBANK0  000086
___flmul@grs                                   cstackBANK0  000082
___flmul@prod                                  cstackBANK0  000087
___flmul@sign                                  cstackBANK0  000080
___flmul@temp                                  cstackBANK0  00008B
___flneg                                       text13       004932
___flneg@f1                                    cstackCOMRAM 00001B
___flsub                                       text12       0047D0
___flsub@a                                     cstackCOMRAM 000048
___flsub@b                                     cstackCOMRAM 000044
___fltol                                       text33       003E1C
___fltol@exp1                                  cstackCOMRAM 000049
___fltol@f1                                    cstackCOMRAM 000040
___fltol@sign1                                 cstackCOMRAM 000048
___fpclassifyf                                 text11       003C84
___fpclassifyf@F463                            bssBANK1     000177
___fpclassifyf@e                               cstackCOMRAM 000023
___fpclassifyf@u                               cstackCOMRAM 000025
___fpclassifyf@x                               cstackCOMRAM 00001B
___inthi_sp                                    stack        000000
___intlo_sp                                    stack        000000
___lldiv                                       text52       004390
___lldiv@counter                               cstackCOMRAM 000027
___lldiv@dividend                              cstackCOMRAM 00001B
___lldiv@divisor                               cstackCOMRAM 00001F
___lldiv@quotient                              cstackCOMRAM 000023
___param_bank                                  (abs)        000000
___rparam_used                                 (abs)        000001
___sp                                          stack        000000
___wmul                                        text26       0049DC
___wmul@multiplicand                           cstackCOMRAM 00001D
___wmul@multiplier                             cstackCOMRAM 00001B
___wmul@product                                cstackCOMRAM 00001F
___xxtofl                                      text32       00372C
___xxtofl@arg                                  cstackCOMRAM 000025
___xxtofl@exp                                  cstackCOMRAM 000024
___xxtofl@sign                                 cstackCOMRAM 000023
___xxtofl@val                                  cstackCOMRAM 00001B
__accesstop                                    (abs)        000080
__activetblptr                                 (abs)        000002
__end_ofPWMSetup@FREQUENCY                     smallconst   001021
__end_ofPWMSetup@TIMER2_PRESCALER              smallconst   001017
__end_of_DCMotorAllOff                         text61       004A9A
__end_of_DCMotorCenterLeft                     text60       004AFA
__end_of_DCMotorCenterRight                    text59       004AF4
__end_of_DCMotorLeftBkwd                       text58       004AE6
__end_of_DCMotorLeftFwd                        text55       004AD6
__end_of_DCMotorLeftRightBkwdON                text56       004AC6
__end_of_DCMotorLeftRightFwdON                 text53       004ABC
__end_of_DCMotorRightBkwd                      text57       004ADE
__end_of_DCMotorRightFwd                       text54       004ACE
__end_of_I2C_Master_Init                       text51       00454E
__end_of_LCD_LINE1_ADDR                        smallconst   00101B
__end_of_LCD_LINE2_ADDR                        smallconst   00101A
__end_of_LCD_LINE3_ADDR                        smallconst   001019
__end_of_LCD_LINE4_ADDR                        smallconst   001018
__end_of_LCD_SIZE_HORZ                         smallconst   00101D
__end_of_LCD_SIZE_VERT                         smallconst   00101C
__end_of_LCD_set_cursor                        text46       00473A
__end_of_LCD_write_str                         text45       0047D0
__end_of_PWMSetup                              text44       0049DC
__end_of_UART_Init                             text42       004282
__end_of_UART_available                        text41       004A48
__end_of_UART_read                             text40       004A28
__end_of_UART_send_char                        text39       004A64
__end_of_UART_send_string                      text38       003F80
__end_of___aldiv                               text43       003E1C
__end_of___awdiv                               text16       004390
__end_of___awmod                               text15       004482
__end_of___fladd                               text37       002B64
__end_of___fldiv                               text36       0030F8
__end_of___fleq                                text14       00430C
__end_of___flge                                text35       003C84
__end_of___flmul                               text34       002858
__end_of___flneg                               text13       004960
__end_of___flsub                               text12       004816
__end_of___fltol                               text33       003ED6
__end_of___fpclassifyf                         text11       003D50
__end_of___lldiv                               text52       004412
__end_of___wmul                                text26       004A02
__end_of___xxtofl                              text32       00386C
__end_of__initialization                       cinit        004150
__end_of_atoi                                  text23       00372C
__end_of_ctoa                                  text17       0046EC
__end_of_drive                                 text29       00345E
__end_of_efgtoa                                text6        0019D8
__end_of_floorf                                text10       0032AE
__end_of_fputc                                 text21       0040C2
__end_of_fputs                                 text20       0048D2
__end_of_high_isr                              intcode_body 0035EC
__end_of_initLCD                               text28       0044F2
__end_of_isdigit                               text25       004932
__end_of_isspace                               text24       00489A
__end_of_isupper                               text8        004902
__end_of_keys                                  smallconst   001012
__end_of_kp                                    smallconst   001016
__end_of_lcdInst                               text47       004AB2
__end_of_main                                  text0        002504
__end_of_pad                                   text18       0041F4
__end_of_portSetup                             text27       00469E
__end_of_pulse_e                               text50       0049B4
__end_of_putch                                 text22       004AA6
__end_of_send_byte                             text48       004A8C
__end_of_send_nibble                           text49       004A7A
__end_of_set_pwm_duty_cycle_RC1_LeftMaster     text31       003BB4
__end_of_set_pwm_duty_cycle_RC2_RightSlave     text30       003AA4
__end_of_sprintf                               text1        0045F8
__end_of_stoa                                  text5        003994
__end_of_strcpy                                text9        00464C
__end_of_strlen                                text19       00498A
__end_of_strncmp                               text4        004022
__end_of_tolower                               text7        004786
__end_of_vfpfcnvrt                             text3        001FB4
__end_of_vfprintf                              text2        0045A4
__end_ofi2___fladd                             text64       002E70
__end_ofi2___flsub                             text63       00485C
__initialization                               cinit        0040C2
__mediumconst                                  mediumconst  000000
__pbssBANK0                                    bssBANK0     0000F5
__pbssBANK1                                    bssBANK1     000173
__pbssBANK2                                    bssBANK2     000200
__pbssCOMRAM                                   bssCOMRAM    00004C
__pcinit                                       cinit        0040C2
__pcstackBANK0                                 cstackBANK0  000080
__pcstackBANK1                                 cstackBANK1  000100
__pcstackCOMRAM                                cstackCOMRAM 000001
__pdataBANK0                                   dataBANK0    0000F9
__pdataBANK1                                   dataBANK1    0001DD
__pdataCOMRAM                                  dataCOMRAM   000061
__pidataBANK0                                  idataBANK0   004AFE
__pidataBANK1                                  idataBANK1   004AE6
__pidataCOMRAM                                 idataCOMRAM  004AFA
__pintcode                                     intcode      000008
__pintcode_body                                intcode_body 00345E
__psmallconst                                  smallconst   001000
__ptext0                                       text0        001FB4
__ptext1                                       text1        0045A4
__ptext10                                      text10       0030F8
__ptext11                                      text11       003C84
__ptext12                                      text12       0047D0
__ptext13                                      text13       004932
__ptext14                                      text14       004282
__ptext15                                      text15       004412
__ptext16                                      text16       00430C
__ptext17                                      text17       00469E
__ptext18                                      text18       00415E
__ptext19                                      text19       004960
__ptext2                                       text2        00454E
__ptext20                                      text20       00489A
__ptext21                                      text21       004022
__ptext22                                      text22       004A9A
__ptext23                                      text23       0035EC
__ptext24                                      text24       00485C
__ptext25                                      text25       004902
__ptext26                                      text26       0049DC
__ptext27                                      text27       00464C
__ptext28                                      text28       004482
__ptext29                                      text29       0032AE
__ptext3                                       text3        0019D8
__ptext30                                      text30       003994
__ptext31                                      text31       003AA4
__ptext32                                      text32       00372C
__ptext33                                      text33       003E1C
__ptext34                                      text34       002504
__ptext35                                      text35       003BB4
__ptext36                                      text36       002E70
__ptext37                                      text37       002858
__ptext38                                      text38       003ED6
__ptext39                                      text39       004A48
__ptext4                                       text4        003F80
__ptext40                                      text40       004A02
__ptext41                                      text41       004A28
__ptext42                                      text42       0041F4
__ptext43                                      text43       003D50
__ptext44                                      text44       0049B4
__ptext45                                      text45       004786
__ptext46                                      text46       0046EC
__ptext47                                      text47       004AA6
__ptext48                                      text48       004A7A
__ptext49                                      text49       004A64
__ptext5                                       text5        00386C
__ptext50                                      text50       00498A
__ptext51                                      text51       0044F2
__ptext52                                      text52       004390
__ptext53                                      text53       004AB2
__ptext54                                      text54       004AC6
__ptext55                                      text55       004ACE
__ptext56                                      text56       004ABC
__ptext57                                      text57       004AD6
__ptext58                                      text58       004ADE
__ptext59                                      text59       004AEE
__ptext6                                       text6        00105A
__ptext60                                      text60       004AF4
__ptext61                                      text61       004A8C
__ptext63                                      text63       004816
__ptext64                                      text64       002B64
__ptext7                                       text7        00473A
__ptext8                                       text8        0048D2
__ptext9                                       text9        0045F8
__ramtop                                       ramtop       001000
__rx_buffer                                    bssBANK2     000240
__rx_buffer_head                               bssCOMRAM    000060
__rx_buffer_tail                               bssCOMRAM    00005F
__size_of_DCMotorAllOff                        (abs)        000000
__size_of_DCMotorCenterLeft                    (abs)        000000
__size_of_DCMotorCenterRight                   (abs)        000000
__size_of_DCMotorLeftBkwd                      (abs)        000000
__size_of_DCMotorLeftFwd                       (abs)        000000
__size_of_DCMotorLeftRightBkwdON               (abs)        000000
__size_of_DCMotorLeftRightFwdON                (abs)        000000
__size_of_DCMotorRightBkwd                     (abs)        000000
__size_of_DCMotorRightFwd                      (abs)        000000
__size_of_I2C_Master_Init                      (abs)        000000
__size_of_LCD_set_cursor                       (abs)        000000
__size_of_LCD_write_str                        (abs)        000000
__size_of_PWMSetup                             (abs)        000000
__size_of_UART_Init                            (abs)        000000
__size_of_UART_available                       (abs)        000000
__size_of_UART_read                            (abs)        000000
__size_of_UART_send_char                       (abs)        000000
__size_of_UART_send_string                     (abs)        000000
__size_of___aldiv                              (abs)        000000
__size_of___awdiv                              (abs)        000000
__size_of___awmod                              (abs)        000000
__size_of___fladd                              (abs)        000000
__size_of___fldiv                              (abs)        000000
__size_of___fleq                               (abs)        000000
__size_of___flge                               (abs)        000000
__size_of___flmul                              (abs)        000000
__size_of___flneg                              (abs)        000000
__size_of___flsub                              (abs)        000000
__size_of___fltol                              (abs)        000000
__size_of___fpclassifyf                        (abs)        000000
__size_of___lldiv                              (abs)        000000
__size_of___wmul                               (abs)        000000
__size_of___xxtofl                             (abs)        000000
__size_of_atoi                                 (abs)        000000
__size_of_ctoa                                 (abs)        000000
__size_of_drive                                (abs)        000000
__size_of_efgtoa                               (abs)        000000
__size_of_floorf                               (abs)        000000
__size_of_fputc                                (abs)        000000
__size_of_fputs                                (abs)        000000
__size_of_high_isr                             (abs)        000000
__size_of_initLCD                              (abs)        000000
__size_of_isdigit                              (abs)        000000
__size_of_isspace                              (abs)        000000
__size_of_isupper                              (abs)        000000
__size_of_lcdInst                              (abs)        000000
__size_of_main                                 (abs)        000000
__size_of_pad                                  (abs)        000000
__size_of_portSetup                            (abs)        000000
__size_of_pulse_e                              (abs)        000000
__size_of_putch                                (abs)        000000
__size_of_send_byte                            (abs)        000000
__size_of_send_nibble                          (abs)        000000
__size_of_set_pwm_duty_cycle_RC1_LeftMaster    (abs)        000000
__size_of_set_pwm_duty_cycle_RC2_RightSlave    (abs)        000000
__size_of_sprintf                              (abs)        000000
__size_of_stoa                                 (abs)        000000
__size_of_strcpy                               (abs)        000000
__size_of_strlen                               (abs)        000000
__size_of_strncmp                              (abs)        000000
__size_of_tolower                              (abs)        000000
__size_of_vfpfcnvrt                            (abs)        000000
__size_of_vfprintf                             (abs)        000000
__size_ofi2___fladd                            (abs)        000000
__size_ofi2___flsub                            (abs)        000000
__smallconst                                   smallconst   001000
__tx_buffer                                    bssBANK2     000200
__tx_buffer_head                               bssCOMRAM    00005E
__tx_buffer_tail                               bssCOMRAM    00005D
_atoi                                          text23       0035EC
_atoi$1660                                     cstackCOMRAM 00002A
_atoi$1661                                     cstackCOMRAM 00002E
_atoi$1662                                     cstackCOMRAM 00002C
_correctingDirection                           bssCOMRAM    00005C
_ctoa                                          text17       00469E
_dbuf                                          bssBANK1     00018D
_distanceL                                     bssBANK1     00017F
_distanceR                                     bssBANK1     00017B
_drive                                         text29       0032AE
_efgtoa                                        text6        00105A
_efgtoa$1146                                   cstackBANK0  00009D
_efgtoa$1147                                   cstackBANK0  00009F
_efgtoa$1151                                   cstackBANK0  0000A1
_efgtoa$1155                                   cstackBANK0  0000A3
_efgtoa$1156                                   cstackBANK0  0000A5
_efgtoa$1157                                   cstackBANK0  0000A7
_flags                                         bssCOMRAM    000058
_floorf                                        text10       0030F8
_fputc                                         text21       004022
_fputs                                         text20       00489A
_high_isr                                      intcode      000008
_initLCD                                       text28       004482
_isdigit                                       text25       004902
_isspace                                       text24       00485C
_isspace$1691                                  cstackCOMRAM 000021
_isupper                                       text8        0048D2
_key_was_pressed                               bssBANK1     00018C
_keys                                          smallconst   001001
_lcdInst                                       text47       004AA6
_main                                          text0        001FB4
_masterPower                                   dataBANK0    0000F9
_moving                                        bssBANK1     00018B
_nout                                          bssBANK0     0000F5
_pad                                           text18       00415E
_portSetup                                     text27       00464C
_prec                                          bssCOMRAM    000056
_pulse_e                                       text50       00498A
_putch                                         text22       004A9A
_send_byte                                     text48       004A7A
_send_nibble                                   text49       004A64
_set_pwm_duty_cycle_RC1_LeftMaster             text31       003AA4
_set_pwm_duty_cycle_RC1_LeftMaster$2031        cstackBANK0  000093
_set_pwm_duty_cycle_RC2_RightSlave             text30       003994
_set_pwm_duty_cycle_RC2_RightSlave$2030        cstackBANK0  000093
_sideTurnedOff                                 bssBANK0     0000F7
_slavePower                                    dataCOMRAM   000061
_sprintf                                       text1        0045A4
_stoa                                          text5        00386C
_strcpy                                        text9        0045F8
_strlen                                        text19       004960
_strncmp                                       text4        003F80
_tickL                                         bssBANK1     000187
_tickLeftTemp                                  bssCOMRAM    000050
_tickR                                         bssBANK1     000183
_tickRightTemp                                 bssCOMRAM    00004C
_tolower                                       text7        00473A
_tolower$1770                                  cstackCOMRAM 000027
_travelDirection                               bssCOMRAM    00005A
_vfpfcnvrt                                     text3        0019D8
_vfpfcnvrt$1182                                cstackBANK0  0000DF
_vfpfcnvrt$1183                                cstackBANK0  0000E1
_vfpfcnvrt$1188                                cstackBANK0  0000E3
_vfprintf                                      text2        00454E
_width                                         bssCOMRAM    000054
atoi@n                                         cstackCOMRAM 00002F
atoi@neg                                       cstackCOMRAM 000028
atoi@s                                         cstackCOMRAM 000022
btemp                                          temp         000065
ctoa@c                                         cstackCOMRAM 00003C
ctoa@fp                                        cstackCOMRAM 00003A
ctoa@w                                         cstackCOMRAM 00003D
drive@error                                    cstackBANK0  00009B
efgtoa@c                                       cstackBANK0  000093
efgtoa@d                                       cstackBANK0  0000B1
efgtoa@e                                       cstackBANK0  0000C9
efgtoa@f                                       cstackBANK0  00008F
efgtoa@fp                                      cstackBANK0  00008D
efgtoa@g                                       cstackBANK0  0000C5
efgtoa@h                                       cstackBANK0  0000BB
efgtoa@i                                       cstackBANK0  0000C3
efgtoa@l                                       cstackBANK0  0000BF
efgtoa@m                                       cstackBANK0  0000AD
efgtoa@mode                                    cstackBANK0  0000BA
efgtoa@n                                       cstackBANK0  0000CB
efgtoa@ne                                      cstackBANK0  0000AF
efgtoa@nmode                                   cstackBANK0  0000B7
efgtoa@ou                                      cstackBANK0  000099
efgtoa@p                                       cstackBANK0  0000B5
efgtoa@pp                                      cstackBANK0  0000AB
[...]
      Locals:         0       0       0       0       0       0       0       0       0       0       0       0       0       0       0       0       0
      Temps:          0       0       0       0       0       0       0       0       0       0       0       0       0       0       0       0       0
      Totals:         0       0       0       0       0       0       0       0       0       0       0       0       0       0       0       0       0
Total ram usage:        0 bytes
 Hardware stack levels used:    1
 Hardware stack levels required when called:    3
 This function calls:
		Nothing
 This function is called by:
		_main
		_DCMotorLeftRightBkwdON
 This function uses a non-reentrant model


 *************** function _DCMotorLeftBkwd *****************
 Defined at:
		line 35 in file "motors.c"
 Parameters:    Size  Location     Type
		None
 Auto vars:     Size  Location     Type
		None
 Return value:  Size  Location     Type
                  1    wreg      void 
 Registers used:
		None
 Tracked objects:
		On entry : 
		On exit  : 
		Unchanged: 
 Data sizes:     COMRAM   BANK0   BANK1   BANK2   BANK3   BANK4   BANK5   BANK6   BANK7   BANK8   BANK9  BANK10  BANK11  BANK12  BANK13  BANK14  BANK15
      Params:         0       0       0       0       0       0       0       0       0       0       0       0       0       0       0       0       0
      Locals:         0       0       0       0       0       0       0       0       0       0       0       0       0       0       0       0       0
      Temps:          0       0       0       0       0       0       0       0       0       0       0       0       0       0       0       0       0
      Totals:         0       0       0       0       0       0       0       0       0       0       0       0       0       0       0       0       0
Total ram usage:        0 bytes
 Hardware stack levels used:    1
 Hardware stack levels required when called:    3
 This function calls:
		Nothing
 This function is called by:
		_main
		_DCMotorLeftRightBkwdON
 This function uses a non-reentrant model


 *************** function _DCMotorCenterRight *****************
 Defined at:
		line 18 in file "motors.c"
 Parameters:    Size  Location     Type
		None
 Auto vars:     Size  Location     Type
		None
 Return value:  Size  Location     Type
                  1    wreg      void 
 Registers used:
		None
 Tracked objects:
		On entry : 
		On exit  : 
		Unchanged: 
 Data sizes:     COMRAM   BANK0   BANK1   BANK2   BANK3   BANK4   BANK5   BANK6   BANK7   BANK8   BANK9  BANK10  BANK11  BANK12  BANK13  BANK14  BANK15
      Params:         0       0       0       0       0       0       0       0       0       0       0       0       0       0       0       0       0
      Locals:         0       0       0       0       0       0       0       0       0       0       0       0       0       0       0       0       0
      Temps:          0       0       0       0       0       0       0       0       0       0       0       0       0       0       0       0       0
      Totals:         0       0       0       0       0       0       0       0       0       0       0       0       0       0       0       0       0
Total ram usage:        0 bytes
 Hardware stack levels used:    1
 Hardware stack levels required when called:    3
 This function calls:
		Nothing
 This function is called by:
		_main
 This function uses a non-reentrant model


 *************** function _DCMotorCenterLeft *****************
 Defined at:
		line 13 in file "motors.c"
 Parameters:    Size  Location     Type
		None
 Auto vars:     Size  Location     Type
		None
 Return value:  Size  Location     Type
                  1    wreg      void 
 Registers used:
		None
 Tracked objects:
		On entry : 
		On exit  : 
		Unchanged: 
 Data sizes:     COMRAM   BANK0   BANK1   BANK2   BANK3   BANK4   BANK5   BANK6   BANK7   BANK8   BANK9  BANK10  BANK11  BANK12  BANK13  BANK14  BANK15
      Params:         0       0       0       0       0       0       0       0       0       0       0       0       0       0       0       0       0
      Locals:         0       0       0       0       0       0       0       0       0       0       0       0       0       0       0       0       0
      Temps:          0       0       0       0       0       0       0       0       0       0       0       0       0       0       0       0       0
      Totals:         0       0       0       0       0       0       0       0       0       0       0       0       0       0       0       0       0
Total ram usage:        0 bytes
 Hardware stack levels used:    1
 Hardware stack levels required when called:    3
 This function calls:
		Nothing
 This function is called by:
		_main
 This function uses a non-reentrant model


 *************** function _DCMotorAllOff *****************
 Defined at:
		line 47 in file "motors.c"
 Parameters:    Size  Location     Type
		None
 Auto vars:     Size  Location     Type
		None
 Return value:  Size  Location     Type
                  1    wreg      void 
 Registers used:
		None
 Tracked objects:
		On entry : 
		On exit  : 
		Unchanged: 
 Data sizes:     COMRAM   BANK0   BANK1   BANK2   BANK3   BANK4   BANK5   BANK6   BANK7   BANK8   BANK9  BANK10  BANK11  BANK12  BANK13  BANK14  BANK15
      Params:         0       0       0       0       0       0       0       0       0       0       0       0       0       0       0       0       0
      Locals:         0       0       0       0       0       0       0       0       0       0       0       0       0       0       0       0       0
      Temps:          0       0       0       0       0       0       0       0       0       0       0       0       0       0       0       0       0
      Totals:         0       0       0       0       0       0       0       0       0       0       0       0       0       0       0       0       0
Total ram usage:        0 bytes
 Hardware stack levels used:    1
 Hardware stack levels required when called:    3
 This function calls:
		Nothing
 This function is called by:
		_main
 This function uses a non-reentrant model


 *************** function _high_isr *****************
 Defined at:
		line 275 in file "main.c"
 Parameters:    Size  Location     Type
		None
 Auto vars:     Size  Location     Type
		None
 Return value:  Size  Location     Type
                  1    wreg      void 
 Registers used:
		wreg, fsr2l, fsr2h, status,2, status,0, cstack
 Tracked objects:
		On entry : 
		On exit  : 
		Unchanged: 
 Data sizes:     COMRAM   BANK0   BANK1   BANK2   BANK3   BANK4   BANK5   BANK6   BANK7   BANK8   BANK9  BANK10  BANK11  BANK12  BANK13  BANK14  BANK15
      Params:         0       0       0       0       0       0       0       0       0       0       0       0       0       0       0       0       0
      Locals:         0       0       0       0       0       0       0       0       0       0       0       0       0       0       0       0       0
      Temps:          2       0       0       0       0       0       0       0       0       0       0       0       0       0       0       0       0
      Totals:         2       0       0       0       0       0       0       0       0       0       0       0       0       0       0       0       0
Total ram usage:        2 bytes
 Hardware stack levels used:    1
 Hardware stack levels required when called:    2
 This function calls:
		i2___fladd
		i2___flsub
 This function is called by:
		Interrupt level 2
 This function uses a non-reentrant model


 *************** function i2___flsub *****************
 Defined at:
		line 245 in file "C:\Program Files (x86)\Microchip\xc8\v2.05\pic\sources\c99\common\sprcadd.c"
 Parameters:    Size  Location     Type
  b               4   16[COMRAM] void 
  a               4   20[COMRAM] void 
 Auto vars:     Size  Location     Type
		None
 Return value:  Size  Location     Type
                  4   16[COMRAM] void 
 Registers used:
		wreg, status,2, status,0, cstack
 Tracked objects:
		On entry : 
		On exit  : 
		Unchanged: 
 Data sizes:     COMRAM   BANK0   BANK1   BANK2   BANK3   BANK4   BANK5   BANK6   BANK7   BANK8   BANK9  BANK10  BANK11  BANK12  BANK13  BANK14  BANK15
      Params:         8       0       0       0       0       0       0       0       0       0       0       0       0       0       0       0       0
      Locals:         0       0       0       0       0       0       0       0       0       0       0       0       0       0       0       0       0
      Temps:          0       0       0       0       0       0       0       0       0       0       0       0       0       0       0       0       0
      Totals:         8       0       0       0       0       0       0       0       0       0       0       0       0       0       0       0       0
Total ram usage:        8 bytes
 Hardware stack levels used:    1
 Hardware stack levels required when called:    1
 This function calls:
		i2___fladd
 This function is called by:
		_high_isr
 This function uses a non-reentrant model


 *************** function i2___fladd *****************
 Defined at:
		line 10 in file "C:\Program Files (x86)\Microchip\xc8\v2.05\pic\sources\c99\common\sprcadd.c"
 Parameters:    Size  Location     Type
  b               4    0[COMRAM] void 
  a               4    4[COMRAM] void 
 Auto vars:     Size  Location     Type
  __fladd         1   15[COMRAM] unsigned char 
  __fladd         1   14[COMRAM] unsigned char 
  __fladd         1   13[COMRAM] unsigned char 
  __fladd         1   12[COMRAM] unsigned char 
 Return value:  Size  Location     Type
                  4    0[COMRAM] unsigned char 
 Registers used:
		wreg, status,2, status,0
 Tracked objects:
		On entry : 
		On exit  : 
		Unchanged: 
 Data sizes:     COMRAM   BANK0   BANK1   BANK2   BANK3   BANK4   BANK5   BANK6   BANK7   BANK8   BANK9  BANK10  BANK11  BANK12  BANK13  BANK14  BANK15
      Params:         8       0       0       0       0       0       0       0       0       0       0       0       0       0       0       0       0
      Locals:         4       0       0       0       0       0       0       0       0       0       0       0       0       0       0       0       0
      Temps:          4       0       0       0       0       0       0       0       0       0       0       0       0       0       0       0       0
      Totals:        16       0       0       0       0       0       0       0       0       0       0       0       0       0       0       0       0
Total ram usage:       16 bytes
 Hardware stack levels used:    1
 This function calls:
		Nothing
 This function is called by:
		_high_isr
		i2___flsub
 This function uses a non-reentrant model



MODULE INFORMATION

Module		Function		Class		Link	Load	Size
C:\Program Files (x86)\Microchip\xc8\v2.05\pic\sources\c99\common\awmod.c
		___awmod       		CODE           	4412	0000	113

C:\Program Files (x86)\Microchip\xc8\v2.05\pic\sources\c99\common\awmod.c estimated size: 113

C:\Program Files (x86)\Microchip\xc8\v2.05\pic\sources\c99\common\__fpclassifyf.c
		___fpclassifyf 		CODE           	3C84	0000	205

C:\Program Files (x86)\Microchip\xc8\v2.05\pic\sources\c99\common\__fpclassifyf.c estimated size: 205

motors.c
		_DCMotorRightFwd		CODE           	4AC6	0000	9
		_DCMotorLeftBkwd		CODE           	4ADE	0000	9
		_DCMotorCenterRight		CODE           	4AEE	0000	7
		_DCMotorLeftRightFwdON		CODE           	4AB2	0000	11
		_DCMotorRightBkwd		CODE           	4AD6	0000	9
		_DCMotorAllOff 		CODE           	4A8C	0000	15
		_DCMotorLeftFwd		CODE           	4ACE	0000	9
		_DCMotorCenterLeft		CODE           	4AF4	0000	7
		_DCMotorLeftRightBkwdON		CODE           	4ABC	0000	11

motors.c estimated size: 87

uart.c
		_UART_read     		CODE           	4A02	0000	39
		_UART_Init     		CODE           	41F4	0000	143
		_UART_available		CODE           	4A28	0000	33
		_UART_send_string		CODE           	3ED6	0000	171
		_UART_send_char		CODE           	4A48	0000	29

uart.c estimated size: 415

C:\Program Files (x86)\Microchip\xc8\v2.05\pic\sources\c99\common\floorf.c
		_floorf        		CODE           	30F8	0000	439

C:\Program Files (x86)\Microchip\xc8\v2.05\pic\sources\c99\common\floorf.c estimated size: 439

C:\Program Files (x86)\Microchip\xc8\v2.05\pic\sources\c99\common\flge.c
		___flge        		CODE           	3BB4	0000	209

C:\Program Files (x86)\Microchip\xc8\v2.05\pic\sources\c99\common\flge.c estimated size: 209

C:\Program Files (x86)\Microchip\xc8\v2.05\pic\sources\c99\common\nf_fputc.c
		_fputc         		CODE           	4022	0000	161

C:\Program Files (x86)\Microchip\xc8\v2.05\pic\sources\c99\common\nf_fputc.c estimated size: 161

I2C.c
		_I2C_Master_Init		CODE           	44F2	0000	93

I2C.c estimated size: 93

C:\Program Files (x86)\Microchip\xc8\v2.05\pic\sources\c99\common\xxtofl.c
		___xxtofl      		CODE           	372C	0000	321

C:\Program Files (x86)\Microchip\xc8\v2.05\pic\sources\c99\common\xxtofl.c estimated size: 321

C:\Program Files (x86)\Microchip\xc8\v2.05\pic\sources\c99\common\isupper.c
		_isupper       		CODE           	48D2	0000	49

C:\Program Files (x86)\Microchip\xc8\v2.05\pic\sources\c99\common\isupper.c estimated size: 49

C:\Program Files (x86)\Microchip\xc8\v2.05\pic\sources\c99\common\strlen.c
		_strlen        		CODE           	4960	0000	43

C:\Program Files (x86)\Microchip\xc8\v2.05\pic\sources\c99\common\strlen.c estimated size: 43

C:\Program Files (x86)\Microchip\xc8\v2.05\pic\sources\c99\common\strcpy.c
		_strcpy        		CODE           	45F8	0000	85

C:\Program Files (x86)\Microchip\xc8\v2.05\pic\sources\c99\common\strcpy.c estimated size: 85

C:\Program Files (x86)\Microchip\xc8\v2.05\pic\sources\c99\common\isspace.c
		_isspace       		CODE           	485C	0000	63

C:\Program Files (x86)\Microchip\xc8\v2.05\pic\sources\c99\common\isspace.c estimated size: 63

C:\Program Files (x86)\Microchip\xc8\v2.05\pic\sources\c99\common\awdiv.c
		___awdiv       		CODE           	430C	0000	133

C:\Program Files (x86)\Microchip\xc8\v2.05\pic\sources\c99\common\awdiv.c estimated size: 133

C:\Program Files (x86)\Microchip\xc8\v2.05\pic\sources\c99\common\fltol.c
		___fltol       		CODE           	3E1C	0000	187

C:\Program Files (x86)\Microchip\xc8\v2.05\pic\sources\c99\common\fltol.c estimated size: 187

C:\Program Files (x86)\Microchip\xc8\v2.05\pic\sources\c99\common\aldiv.c
		___aldiv       		CODE           	3D50	0000	205

C:\Program Files (x86)\Microchip\xc8\v2.05\pic\sources\c99\common\aldiv.c estimated size: 205

C:\Program Files (x86)\Microchip\xc8\v2.05\pic\sources\c99\common\strncmp.c
		_strncmp       		CODE           	3F80	0000	163

C:\Program Files (x86)\Microchip\xc8\v2.05\pic\sources\c99\common\strncmp.c estimated size: 163

C:\Program Files (x86)\Microchip\xc8\v2.05\pic\sources\c99\common\tolower.c
		_tolower       		CODE           	473A	0000	77

C:\Program Files (x86)\Microchip\xc8\v2.05\pic\sources\c99\common\tolower.c estimated size: 77

C:\Program Files (x86)\Microchip\xc8\v2.05\pic\sources\c99\common\sprcmul.c
		___flmul       		CODE           	2504	0000	853

C:\Program Files (x86)\Microchip\xc8\v2.05\pic\sources\c99\common\sprcmul.c estimated size: 853

C:\Program Files (x86)\Microchip\xc8\v2.05\pic\sources\c99\common\__lldiv.c
		___lldiv       		CODE           	4390	0000	131

C:\Program Files (x86)\Microchip\xc8\v2.05\pic\sources\c99\common\__lldiv.c estimated size: 131

driving.c
		_set_pwm_duty_cycle_RC1_LeftMaster		CODE           	3AA4	0000	273
		_drive         		CODE           	32AE	0000	433
		_set_pwm_duty_cycle_RC2_RightSlave		CODE           	3994	0000	273

driving.c estimated size: 979

C:\Program Files (x86)\Microchip\xc8\v2.05\pic\sources\c99\common\sprcdiv.c
		___fldiv       		CODE           	2E70	0000	649

C:\Program Files (x86)\Microchip\xc8\v2.05\pic\sources\c99\common\sprcdiv.c estimated size: 649

C:\Program Files (x86)\Microchip\xc8\v2.05\pic\sources\c99\common\doprnt.c
		_vfpfcnvrt     		CODE           	19D8	0000	1501
		_efgtoa        		CODE           	105A	0000	2431
		_pad           		CODE           	415E	0000	151
		_ctoa          		CODE           	469E	0000	79
		_vfprintf      		CODE           	454E	0000	87
		_stoa          		CODE           	386C	0000	297

C:\Program Files (x86)\Microchip\xc8\v2.05\pic\sources\c99\common\doprnt.c estimated size: 4546

shared
		i2___fladd     		CODE           	2B64	0000	781
		PWMSetup@TIMER2_PRESCALER		SMALLCONST     	0000	0000	0
		_LCD_LINE1_ADDR		SMALLCONST     	101A	0000	2
		_LCD_LINE2_ADDR		SMALLCONST     	0000	0000	0
		_LCD_LINE3_ADDR		SMALLCONST     	0000	0000	0
		_LCD_LINE4_ADDR		SMALLCONST     	0000	0000	0
		_keys          		SMALLCONST     	1001	0000	18
		__initialization		CODE           	40C2	0000	143
		_kp            		SMALLCONST     	0000	0000	0
		i2___flsub     		CODE           	4816	0000	71
		PWMSetup@FREQUENCY		SMALLCONST     	0000	0000	0
		_LCD_SIZE_VERT 		SMALLCONST     	101B	0000	2
		_LCD_SIZE_HORZ 		SMALLCONST     	101C	0000	2

shared estimated size: 1019

C:\Program Files (x86)\Microchip\xc8\v2.05\pic\sources\c99\common\nf_sprintf.c
		_sprintf       		CODE           	45A4	0000	85

C:\Program Files (x86)\Microchip\xc8\v2.05\pic\sources\c99\common\nf_sprintf.c estimated size: 85

C:\Program Files (x86)\Microchip\xc8\v2.05\pic\sources\c99\common\Umul16.c
		___wmul        		CODE           	49DC	0000	39

C:\Program Files (x86)\Microchip\xc8\v2.05\pic\sources\c99\common\Umul16.c estimated size: 39

C:\Program Files (x86)\Microchip\xc8\v2.05\pic\sources\c99\common\atoi.c
		_atoi          		CODE           	35EC	0000	321

C:\Program Files (x86)\Microchip\xc8\v2.05\pic\sources\c99\common\atoi.c estimated size: 321

C:\Program Files (x86)\Microchip\xc8\v2.05\pic\sources\c99\common\fleq.c
		___fleq        		CODE           	4282	0000	139

C:\Program Files (x86)\Microchip\xc8\v2.05\pic\sources\c99\common\fleq.c estimated size: 139

lcd.c
		_LCD_set_cursor		CODE           	46EC	0000	79
		_send_byte     		CODE           	4A7A	0000	19
		_putch         		CODE           	4A9A	0000	13
		_lcdInst       		CODE           	4AA6	0000	13
		_send_nibble   		CODE           	4A64	0000	23
		_LCD_write_str 		CODE           	4786	0000	75
		_pulse_e       		CODE           	498A	0000	43
		_initLCD       		CODE           	4482	0000	113

lcd.c estimated size: 378

C:\Program Files (x86)\Microchip\xc8\v2.05\pic\sources\c99\common\nf_fputs.c
		_fputs         		CODE           	489A	0000	57

C:\Program Files (x86)\Microchip\xc8\v2.05\pic\sources\c99\common\nf_fputs.c estimated size: 57

C:\Program Files (x86)\Microchip\xc8\v2.05\pic\sources\c99\common\flneg.c
		___flneg       		CODE           	4932	0000	47

C:\Program Files (x86)\Microchip\xc8\v2.05\pic\sources\c99\common\flneg.c estimated size: 47

main.c
		_PWMSetup      		CODE           	49B4	0000	41
		_main          		CODE           	1FB4	0000	1361
		_portSetup     		CODE           	464C	0000	83
		_high_isr      		CODE           	0008	0000	405

main.c estimated size: 1890

C:\Program Files (x86)\Microchip\xc8\v2.05\pic\sources\c99\common\isdigit.c
		_isdigit       		CODE           	4902	0000	49

C:\Program Files (x86)\Microchip\xc8\v2.05\pic\sources\c99\common\isdigit.c estimated size: 49

C:\Program Files (x86)\Microchip\xc8\v2.05\pic\sources\c99\common\sprcadd.c
		___flsub       		CODE           	47D0	0000	71
		___fladd       		CODE           	2858	0000	781

C:\Program Files (x86)\Microchip\xc8\v2.05\pic\sources\c99\common\sprcadd.c estimated size: 852

