Microchip MPLAB XC8 Compiler V2.05 ()

Linker command line:

-W-3 --edf=C:\Program Files (x86)\Microchip\xc8\v2.05\pic\dat\en_msgs.txt \
  -cs -h+dist/default/production\AliceRobot2.0.X.production.sym \
  --cmf=dist/default/production\AliceRobot2.0.X.production.cmf -z -Q18F4620 \
  -oC:\Users\AB\AppData\Local\Temp\sdj8.2 --defsym=__MPLAB_BUILD=1 \
  -Mdist/default/production/AliceRobot2.0.X.production.map -E1 -ver=XC8 \
  --acfsm=1493 -ASTACK=01C8h-0F7Fh -pstack=STACK -ACODE=00h-0FFFFh \
  -ACONST=00h-0FFFFh -ASMALLCONST=01000h-010FFhx240 \
  -AMEDIUMCONST=01000h-0FFFFh -ACOMRAM=01h-07Fh -AABS1=00h-0F7Fh \
  -ABIGRAM=01h-0F7Fh -ARAM=080h-0FFh,0100h-01FFhx14,0F00h-0F7Fh \
  -ABANK0=080h-0FFh -ABANK1=0100h-01FFh -ABANK2=0200h-02FFh \
  -ABANK3=0300h-03FFh -ABANK4=0400h-04FFh -ABANK5=0500h-05FFh \
  -ABANK6=0600h-06FFh -ABANK7=0700h-07FFh -ABANK8=0800h-08FFh \
  -ABANK9=0900h-09FFh -ABANK10=0A00h-0AFFh -ABANK11=0B00h-0BFFh \
  -ABANK12=0C00h-0CFFh -ABANK13=0D00h-0DFFh -ABANK14=0E00h-0EFFh \
  -ABANK15=0F00h-0F7Fh -ASFR=0F80h-0FFFh \
  -preset_vec=00h,intcode=08h,intcodelo=018h,powerup,init -pramtop=01000h \
  -psmallconst=SMALLCONST -pmediumconst=MEDIUMCONST -pconst=CONST \
  -AFARRAM=00h-00h -ACONFIG=0300000h-030000Dh -pconfig=CONFIG \
  -AIDLOC=0200000h-0200007h -pidloc=IDLOC -AEEDATA=0F00000h-0F003FFh \
  -peeprom_data=EEDATA \
  -prdata=COMRAM,nvrram=COMRAM,nvbit=COMRAM,rbss=COMRAM,rbit=COMRAM \
  -pfarbss=FARRAM,fardata=FARRAM,nvFARRAM=FARRAM \
  -pintsave_regs=BIGRAM,bigbss=BIGRAM,bigdata=BIGRAM -pbss=RAM \
  -pidata=CODE,irdata=CODE,ibigdata=CODE,ifardata=CODE -prparam=COMRAM \
  C:\Users\AB\AppData\Local\Temp\sdj8.o \
  dist/default/production\AliceRobot2.0.X.production.o 

Object code version is 3.11

Machine type is 18F4620

Call graph: (short form)




                Name                               Link     Load   Length Selector   Space Scale
C:\Users\AB\AppData\Local\Temp\sdj8.o
                init                                 94       94        4        C       0
                reset_vec                             0        0        4        0       0
                idloc                            200000   200000        8   200000       0
                config                           300000   300000        E   300000       0
dist/default/production\AliceRobot2.0.X.production.o
                intcodelo                            18       18       7C        C       0
                intcode                               8        8        6        4       0
                temp                                 62       62        1        1       1
                smallconst                         1000     1000       34      800       0
                text48                             17CE     17CE      30C      81A       0
                text47                             24F8     24F8       46      81A       0
                intcode_body                       1D42     1D42      100      81A       0
                text44                             2728     2728        E      81A       0
                text43                             27AA     27AA        6      81A       0
                text42                             27A4     27A4        6      81A       0
                text41                             279C     279C        8      81A       0
                text40                             2794     2794        8      81A       0
                text39                             2762     2762        A      81A       0
                text38                             278C     278C        8      81A       0
                text37                             2784     2784        8      81A       0
                text36                             2758     2758        A      81A       0
                text35                             2180     2180       82      81A       0
                text34                             226C     226C       5C      81A       0
                text33                             263C     263C       2A      81A       0
                text32                             26EE     26EE       16      81A       0
                text31                             2716     2716       12      81A       0
                text30                             2742     2742        C      81A       0
                text29                             2460     2460       4E      81A       0
                text28                             24AE     24AE       4A      81A       0
                text27                             2704     2704       12      81A       0
                text26                             277C     277C        8      81A       0
                text25                             2774     2774        8      81A       0
                text24                             274E     274E        A      81A       0
                text23                             25E4     25E4       2E      81A       0
                text22                             1E42     1E42       CC      81A       0
                text21                             20EE     20EE       92      81A       0
                text20                             26B2     26B2       20      81A       0
                text19                             268C     268C       26      81A       0
                text18                             26D2     26D2       1C      81A       0
                text17                             1F0E     1F0E       AA      81A       0
                text16                             2202     2202       6A      81A       0
                text15                             23C2     23C2       50      81A       0
                text14                             2666     2666       26      81A       0
                text13                             25B4     25B4       30      81A       0
                text12                             253E     253E       3E      81A       0
                text11                             1ADA     1ADA      140      81A       0
                text10                             2736     2736        C      81A       0
                text9                              1FB8     1FB8       A0      81A       0
                text8                              257C     257C       38      81A       0
                text7                              2612     2612       2A      81A       0
                text6                              2058     2058       96      81A       0
                text5                              2412     2412       4E      81A       0
                text4                              1C1A     1C1A      128      81A       0
                text3                              145C     145C      372      81A       0
                text2                              22C8     22C8       56      81A       0
                text1                              2370     2370       52      81A       0
                text0                              1034     1034      428      81A       0
                cstackCOMRAM                          1        1       45        1       1
                cstackBANK0                          80       80       2C       80       1
                cstackBANK1                         180      180       48      100       1
                bssBANK1                            100      100       80      100       1
                bssBANK0                             AC       AC       21       80       1
                dataCOMRAM                           5A       5A        8        1       1
                bssCOMRAM                            46       46       14        1       1
                cinit                              231E     231E       52      81A       0
                idataCOMRAM                        276C     276C        8      81A       0

TOTAL           Name                               Link     Load   Length     Space
        CLASS   STACK          

        CLASS   CODE           
                intcodelo                            18       18       7C         0
                intcode                               8        8        6         0
                init                                 94       94        4         0
                reset_vec                             0        0        4         0
                text48                             17CE     17CE      30C         0
                text47                             24F8     24F8       46         0
                intcode_body                       1D42     1D42      100         0
                text44                             2728     2728        E         0
                text43                             27AA     27AA        6         0
                text42                             27A4     27A4        6         0
                text41                             279C     279C        8         0
                text40                             2794     2794        8         0
                text39                             2762     2762        A         0
                text38                             278C     278C        8         0
                text37                             2784     2784        8         0
                text36                             2758     2758        A         0
                text35                             2180     2180       82         0
                text34                             226C     226C       5C         0
                text33                             263C     263C       2A         0
                text32                             26EE     26EE       16         0
                text31                             2716     2716       12         0
                text30                             2742     2742        C         0
                text29                             2460     2460       4E         0
                text28                             24AE     24AE       4A         0
                text27                             2704     2704       12         0
                text26                             277C     277C        8         0
                text25                             2774     2774        8         0
                text24                             274E     274E        A         0
                text23                             25E4     25E4       2E         0
                text22                             1E42     1E42       CC         0
                text21                             20EE     20EE       92         0
                text20                             26B2     26B2       20         0
                text19                             268C     268C       26         0
                text18                             26D2     26D2       1C         0
                text17                             1F0E     1F0E       AA         0
                text16                             2202     2202       6A         0
                text15                             23C2     23C2       50         0
                text14                             2666     2666       26         0
                text13                             25B4     25B4       30         0
                text12                             253E     253E       3E         0
                text11                             1ADA     1ADA      140         0
                text10                             2736     2736        C         0
                text9                              1FB8     1FB8       A0         0
                text8                              257C     257C       38         0
                text7                              2612     2612       2A         0
                text6                              2058     2058       96         0
                text5                              2412     2412       4E         0
                text4                              1C1A     1C1A      128         0
                text3                              145C     145C      372         0
                text2                              22C8     22C8       56         0
                text1                              2370     2370       52         0
                text0                              1034     1034      428         0
                cinit                              231E     231E       52         0
                idataCOMRAM                        276C     276C        8         0

        CLASS   CONST          

        CLASS   SMALLCONST     
                smallconst                         1000     1000       34         0

        CLASS   MEDIUMCONST    

        CLASS   COMRAM         
                temp                                 62       62        1         1
                cstackCOMRAM                          1        1       45         1
                dataCOMRAM                           5A       5A        8         1
                bssCOMRAM                            46       46       14         1

        CLASS   ABS1           

        CLASS   BIGRAM         

        CLASS   RAM            

        CLASS   BANK0          
                cstackBANK0                          80       80       2C         1
                bssBANK0                             AC       AC       21         1

        CLASS   BANK1          
                cstackBANK1                         180      180       48         1
                bssBANK1                            100      100       80         1

        CLASS   BANK2          

        CLASS   BANK3          

        CLASS   BANK4          

        CLASS   BANK5          

        CLASS   BANK6          

        CLASS   BANK7          

        CLASS   BANK8          

        CLASS   BANK9          

        CLASS   BANK10         

        CLASS   BANK11         

        CLASS   BANK12         

        CLASS   BANK13         

        CLASS   BANK14         

        CLASS   BANK15         

        CLASS   SFR            

        CLASS   FARRAM         

        CLASS   CONFIG         
                config                           300000   300000        E         0

        CLASS   IDLOC          
                idloc                            200000   200000        8         0

        CLASS   EEDATA         



SEGMENTS        Name                           Load    Length   Top    Selector   Space  Class

                reset_vec                      000000  000004  000004         0       0  CODE    
                cstackCOMRAM                   000001  000062  000063         1       1  COMRAM  
                intcode                        000008  000006  00000E         4       0  CODE    
                intcodelo                      000018  000080  000098         C       0  CODE    
                cstackBANK0                    000080  00004D  0000CD        80       1  BANK0   
                bssBANK1                       000100  0000C8  0001C8       100       1  BANK1   
                smallconst                     001000  000034  001034       800       0  SMALLCON
                text0                          001034  00177C  0027B0       81A       0  CODE    
                idloc                          200000  000008  200008    200000       0  IDLOC   
                config                         300000  00000E  30000E    300000       0  CONFIG  


UNUSED ADDRESS RANGES

        Name                Unused          Largest block    Delta
        BANK0            0000CD-0000FF               33
        BANK1            0001C8-0001FF               38
        BANK10           000A00-000AFF              100
        BANK11           000B00-000BFF              100
        BANK12           000C00-000CFF              100
        BANK13           000D00-000DFF              100
        BANK14           000E00-000EFF              100
        BANK15           000F00-000F7F               80
        BANK2            000200-0002FF              100
        BANK3            000300-0003FF              100
        BANK4            000400-0004FF              100
        BANK5            000500-0005FF              100
        BANK6            000600-0006FF              100
        BANK7            000700-0007FF              100
        BANK8            000800-0008FF              100
        BANK9            000900-0009FF              100
        BIGRAM           000063-00007F               1D
                         0000CD-0000FF               33
                         0001C8-000F7F              DB8
        CODE             000004-000007                4
                         00000E-000017                A
                         000098-000FFF              F68
                         0027B0-00FFFF             D850
        COMRAM           000063-00007F               1D
        CONST            000004-000007                4
                         00000E-000017                A
                         000098-000FFF              F68
                         0027B0-00FFFF             D850
        EEDATA           F00000-F003FF              400
        MEDIUMCONST      0027B0-00FFFF             D850
        RAM              0000CD-0000FF               33
                         0001C8-000F7F              100
        SFR              000F80-000FFF               80
        SMALLCONST       0027B0-00FFFF              100
        STACK            0001C8-000F7F              DB8

                                  Symbol Table

?_UART_available                 cstackCOMRAM 00001E
?___aldiv                        cstackCOMRAM 00001E
?___fladd                        cstackCOMRAM 000001
?___flsub                        cstackCOMRAM 000011
?___lldiv                        cstackCOMRAM 00001E
?___wmul                         cstackCOMRAM 00001E
?_atoi                           cstackCOMRAM 000025
?_ctoa                           cstackCOMRAM 00003D
?_isdigit                        cstackCOMRAM 00001E
?_isspace                        cstackCOMRAM 00001E
?_pad                            cstackCOMRAM 000032
?_sprintf                        cstackBANK0  000095
?_stoa                           cstackCOMRAM 00002B
?_strlen                         cstackCOMRAM 00001E
?_vfpfcnvrt                      cstackBANK0  000080
?_vfprintf                       cstackBANK0  00008D
I2C_Master_Init@clockFreq        cstackCOMRAM 00002B
I2C_Master_Write@byteToWrite     cstackCOMRAM 00001F
LCD_set_cursor@column            cstackCOMRAM 000024
LCD_set_cursor@row               cstackCOMRAM 000022
LCD_write_str@i                  cstackCOMRAM 000024
LCD_write_str@str                cstackCOMRAM 000021
UART_Init@baudRate               cstackCOMRAM 000030
UART_read@c                      cstackCOMRAM 00001E
UART_send_char@c                 cstackCOMRAM 00001E
UART_send_string@i               cstackCOMRAM 000023
UART_send_string@message         cstackCOMRAM 00001F
_ADCON0                          (abs)        000FC2
_ADCON1                          (abs)        000FC1
_ADCON2                          (abs)        000FC0
_ADCON2bits                      (abs)        000FC0
_CMCONbits                       (abs)        000FB4
_CVRCON                          (abs)        000FB5
_DCMotorAllOff                   text44       002728
_DCMotorCenterLeft               text43       0027AA
_DCMotorCenterRight              text42       0027A4
_DCMotorLeftBkwd                 text41       00279C
_DCMotorLeftFwd                  text38       00278C
_DCMotorLeftRightBkwdON          text39       002762
_DCMotorLeftRightFwdON           text36       002758
_DCMotorRightBkwd                text40       002794
_DCMotorRightFwd                 text37       002784
_I2C_Master_Init                 text34       00226C
_I2C_Master_Start                text26       00277C
_I2C_Master_Stop                 text25       002774
_I2C_Master_Wait                 text27       002704
_I2C_Master_Write                text24       00274E
_INT0IE                          (abs)        007F94
_INT0IF                          (abs)        007F91
_INT1IE                          (abs)        007F83
_INT1IF                          (abs)        007F80
_INT2IE                          (abs)        007F84
_INT2IF                          (abs)        007F81
_INTCONbits                      (abs)        000FF2
_INTEDG0                         (abs)        007F8E
_INTEDG1                         (abs)        007F8D
_IPR1bits                        (abs)        000F9F
_LATA                            (abs)        000F89
_LATAbits                        (abs)        000F89
_LATB                            (abs)        000F8A
_LATC                            (abs)        000F8B
_LATD                            (abs)        000F8C
_LATDbits                        (abs)        000F8C
_LATE                            (abs)        000F8D
_LCD_LINE1_ADDR                  smallconst   001015
_LCD_SIZE_HORZ                   smallconst   001017
_LCD_SIZE_VERT                   smallconst   001016
_LCD_set_cursor                  text29       002460
_LCD_write_str                   text28       0024AE
_PIE1bits                        (abs)        000F9D
_PORTB                           (abs)        000F81
_PORTDbits                       (abs)        000F83
_RCIE                            (abs)        007CED
_RCIF                            (abs)        007CF5
_RCONbits                        (abs)        000FD0
_RCREG                           (abs)        000FAE
_RCSTAbits                       (abs)        000FAB
_RTC_Init                        text23       0025E4
_SPBRG                           (abs)        000FAF
_SSPADD                          (abs)        000FC8
_SSPBUF                          (abs)        000FC9
_SSPCON1                         (abs)        000FC6
_SSPCON1bits                     (abs)        000FC6
_SSPCON2                         (abs)        000FC5
_SSPCON2bits                     (abs)        000FC5
_SSPSTAT                         (abs)        000FC7
_TRISA                           (abs)        000F92
_TRISB                           (abs)        000F93
_TRISC                           (abs)        000F94
_TRISCbits                       (abs)        000F94
_TRISD                           (abs)        000F95
_TXIE                            (abs)        007CEC
_TXIF                            (abs)        007CF4
_TXREG                           (abs)        000FAD
_TXSTAbits                       (abs)        000FAC
_UART_Init                       text21       0020EE
_UART_available                  text20       0026B2
_UART_read                       text19       00268C
_UART_send_char                  text18       0026D2
_UART_send_string                text17       001F0E
__CFG_BOREN$SBORDIS              (abs)        000000
__CFG_BORV$3                     (abs)        000000
__CFG_CCP2MX$PORTC               (abs)        000000
__CFG_CP0$OFF                    (abs)        000000
__CFG_CP1$OFF                    (abs)        000000
__CFG_CP2$OFF                    (abs)        000000
__CFG_CP3$OFF                    (abs)        000000
__CFG_CPB$OFF                    (abs)        000000
__CFG_CPD$ON                     (abs)        000000
__CFG_EBTR0$OFF                  (abs)        000000
__CFG_EBTR1$OFF                  (abs)        000000
__CFG_EBTR2$OFF                  (abs)        000000
__CFG_EBTR3$OFF                  (abs)        000000
__CFG_EBTRB$OFF                  (abs)        000000
__CFG_FCMEN$OFF                  (abs)        000000
__CFG_IESO$OFF                   (abs)        000000
__CFG_LPT1OSC$OFF                (abs)        000000
__CFG_LVP$OFF                    (abs)        000000
__CFG_MCLRE$ON                   (abs)        000000
__CFG_OSC$HS                     (abs)        000000
__CFG_PBADEN$ON                  (abs)        000000
__CFG_PWRT$OFF                   (abs)        000000
__CFG_STVREN$ON                  (abs)        000000
__CFG_WDT$OFF                    (abs)        000000
__CFG_WDTPS$32768                (abs)        000000
__CFG_WRT0$OFF                   (abs)        000000
__CFG_WRT1$OFF                   (abs)        000000
__CFG_WRT2$OFF                   (abs)        000000
__CFG_WRT3$OFF                   (abs)        000000
__CFG_WRTB$OFF                   (abs)        000000
__CFG_WRTC$OFF                   (abs)        000000
__CFG_WRTD$OFF                   (abs)        000000
__CFG_XINST$OFF                  (abs)        000000
__HRAM                           (abs)        000000
__Habs1                          abs1         000000
__Hbank0                         bank0        000000
__Hbank1                         bank1        000000
__Hbank10                        bank10       000000
__Hbank11                        bank11       000000
__Hbank12                        bank12       000000
__Hbank13                        bank13       000000
__Hbank14                        bank14       000000
__Hbank15                        bank15       000000
__Hbank2                         bank2        000000
__Hbank3                         bank3        000000
__Hbank4                         bank4        000000
__Hbank5                         bank5        000000
__Hbank6                         bank6        000000
__Hbank7                         bank7        000000
__Hbank8                         bank8        000000
__Hbank9                         bank9        000000
__Hbigbss                        bigbss       000000
__Hbigdata                       bigdata      000000
__Hbigram                        bigram       000000
__Hbss                           bss          000000
__HbssBANK0                      bssBANK0     000000
__HbssBANK1                      bssBANK1     000000
__HbssCOMRAM                     bssCOMRAM    000000
__Hcinit                         cinit        000000
__Hclrtext                       clrtext      000000
__Hcomram                        comram       000000
__Hconfig                        config       30000E
__Hconst                         const        000000
__HcstackBANK0                   cstackBANK0  000000
__HcstackBANK1                   cstackBANK1  000000
__HcstackCOMRAM                  cstackCOMRAM 000000
__Hdata                          data         000000
__HdataCOMRAM                    dataCOMRAM   000000
__Heeprom_data                   eeprom_data  000000
__Hfarbss                        farbss       000000
__Hfardata                       fardata      000000
__Hibigdata                      ibigdata     000000
__Hidata                         idata        000000
__HidataCOMRAM                   idataCOMRAM  000000
__Hidloc                         idloc        200008
__Hifardata                      ifardata     000000
__Hinit                          init         000098
__Hintcode                       intcode      00000E
__Hintcode_body                  intcode_body 000000
__Hintcodelo                     intcodelo    000094
__Hintentry                      intentry     000000
__Hintret                        intret       000000
__Hintsave_regs                  intsave_regs 000000
__Hirdata                        irdata       000000
__Hmediumconst                   mediumconst  000000
__HnvFARRAM                      nvFARRAM     000000
__Hnvbit                         nvbit        000000
__Hnvrram                        nvrram       000000
__Hparam                         rparam       000000
__Hpowerup                       powerup      000094
__Hram                           ram          000000
__Hramtop                        ramtop       001000
__Hrbit                          rbit         000000
__Hrbss                          rbss         000000
__Hrdata                         rdata        000000
__Hreset_vec                     reset_vec    000004
__Hrparam                        rparam       000000
__Hsfr                           sfr          000000
__Hsmallconst                    smallconst   001034
__Hspace_0                       (abs)        30000E
__Hspace_1                       (abs)        0001C8
__Hspace_2                       (abs)        000000
__Hstack                         stack        000000
__Hstruct                        struct       000000
__Htemp                          temp         000063
__Htext                          text         000000
__Htext0                         text0        000000
__Htext1                         text1        000000
__Htext10                        text10       000000
__Htext11                        text11       000000
__Htext12                        text12       000000
__Htext13                        text13       000000
__Htext14                        text14       000000
__Htext15                        text15       000000
__Htext16                        text16       000000
__Htext17                        text17       000000
__Htext18                        text18       000000
__Htext19                        text19       000000
__Htext2                         text2        000000
__Htext20                        text20       000000
__Htext21                        text21       000000
__Htext22                        text22       000000
__Htext23                        text23       000000
__Htext24                        text24       000000
__Htext25                        text25       000000
__Htext26                        text26       000000
__Htext27                        text27       000000
__Htext28                        text28       000000
__Htext29                        text29       000000
__Htext3                         text3        000000
__Htext30                        text30       000000
__Htext31                        text31       000000
__Htext32                        text32       000000
__Htext33                        text33       000000
__Htext34                        text34       000000
__Htext35                        text35       000000
__Htext36                        text36       000000
__Htext37                        text37       000000
__Htext38                        text38       000000
__Htext39                        text39       000000
__Htext4                         text4        000000
__Htext40                        text40       000000
__Htext41                        text41       000000
__Htext42                        text42       000000
__Htext43                        text43       000000
__Htext44                        text44       000000
__Htext47                        text47       000000
__Htext48                        text48       000000
__Htext5                         text5        000000
__Htext6                         text6        000000
__Htext7                         text7        000000
__Htext8                         text8        000000
__Htext9                         text9        000000
__LRAM                           (abs)        000001
__Labs1                          abs1         000000
__Lbank0                         bank0        000000
__Lbank1                         bank1        000000
__Lbank10                        bank10       000000
__Lbank11                        bank11       000000
__Lbank12                        bank12       000000
__Lbank13                        bank13       000000
__Lbank14                        bank14       000000
__Lbank15                        bank15       000000
__Lbank2                         bank2        000000
__Lbank3                         bank3        000000
__Lbank4                         bank4        000000
__Lbank5                         bank5        000000
__Lbank6                         bank6        000000
__Lbank7                         bank7        000000
__Lbank8                         bank8        000000
__Lbank9                         bank9        000000
__Lbigbss                        bigbss       000000
__Lbigdata                       bigdata      000000
__Lbigram                        bigram       000000
__Lbss                           bss          000000
__LbssBANK0                      bssBANK0     000000
__LbssBANK1                      bssBANK1     000000
__LbssCOMRAM                     bssCOMRAM    000000
__Lcinit                         cinit        000000
__Lclrtext                       clrtext      000000
__Lcomram                        comram       000000
__Lconfig                        config       300000
__Lconst                         const        000000
__LcstackBANK0                   cstackBANK0  000000
__LcstackBANK1                   cstackBANK1  000000
__LcstackCOMRAM                  cstackCOMRAM 000000
__Ldata                          data         000000
__LdataCOMRAM                    dataCOMRAM   000000
__Leeprom_data                   eeprom_data  000000
__Lfarbss                        farbss       000000
__Lfardata                       fardata      000000
__Libigdata                      ibigdata     000000
__Lidata                         idata        000000
__LidataCOMRAM                   idataCOMRAM  000000
__Lidloc                         idloc        200000
__Lifardata                      ifardata     000000
__Linit                          init         000094
__Lintcode                       intcode      000008
__Lintcode_body                  intcode_body 000000
__Lintcodelo                     intcodelo    000018
__Lintentry                      intentry     000000
__Lintret                        intret       000000
__Lintsave_regs                  intsave_regs 000000
__Lirdata                        irdata       000000
__Lmediumconst                   mediumconst  000000
__LnvFARRAM                      nvFARRAM     000000
__Lnvbit                         nvbit        000000
__Lnvrram                        nvrram       000000
__Lparam                         rparam       000000
__Lpowerup                       powerup      000094
__Lram                           ram          000000
__Lramtop                        ramtop       001000
__Lrbit                          rbit         000000
__Lrbss                          rbss         000000
__Lrdata                         rdata        000000
__Lreset_vec                     reset_vec    000000
__Lrparam                        rparam       000000
__Lsfr                           sfr          000000
__Lsmallconst                    smallconst   001000
__Lspace_0                       (abs)        000000
__Lspace_1                       (abs)        000000
__Lspace_2                       (abs)        000000
__Lstack                         stack        000000
__Lstruct                        struct       000000
__Ltemp                          temp         000062
__Ltext                          text         000000
__Ltext0                         text0        000000
__Ltext1                         text1        000000
__Ltext10                        text10       000000
__Ltext11                        text11       000000
__Ltext12                        text12       000000
__Ltext13                        text13       000000
__Ltext14                        text14       000000
__Ltext15                        text15       000000
__Ltext16                        text16       000000
__Ltext17                        text17       000000
__Ltext18                        text18       000000
__Ltext19                        text19       000000
__Ltext2                         text2        000000
__Ltext20                        text20       000000
__Ltext21                        text21       000000
__Ltext22                        text22       000000
__Ltext23                        text23       000000
__Ltext24                        text24       000000
__Ltext25                        text25       000000
__Ltext26                        text26       000000
__Ltext27                        text27       000000
__Ltext28                        text28       000000
__Ltext29                        text29       000000
__Ltext3                         text3        000000
__Ltext30                        text30       000000
__Ltext31                        text31       000000
__Ltext32                        text32       000000
__Ltext33                        text33       000000
__Ltext34                        text34       000000
__Ltext35                        text35       000000
__Ltext36                        text36       000000
__Ltext37                        text37       000000
__Ltext38                        text38       000000
__Ltext39                        text39       000000
__Ltext4                         text4        000000
__Ltext40                        text40       000000
__Ltext41                        text41       000000
__Ltext42                        text42       000000
__Ltext43                        text43       000000
__Ltext44                        text44       000000
__Ltext47                        text47       000000
__Ltext48                        text48       000000
__Ltext5                         text5        000000
__Ltext6                         text6        000000
__Ltext7                         text7        000000
__Ltext8                         text8        000000
__Ltext9                         text9        000000
__S0                             (abs)        30000E
__S1                             (abs)        0001C8
__S2                             (abs)        000000
___aldiv                         text22       001E42
___aldiv@counter                 cstackCOMRAM 000026
___aldiv@dividend                cstackCOMRAM 00001E
___aldiv@divisor                 cstackCOMRAM 000022
___aldiv@quotient                cstackCOMRAM 000028
___aldiv@sign                    cstackCOMRAM 000027
___fladd                         text48       0017CE
___fladd@a                       cstackCOMRAM 000005
___fladd@aexp                    cstackCOMRAM 00000E
___fladd@b                       cstackCOMRAM 000001
___fladd@bexp                    cstackCOMRAM 00000F
___fladd@grs                     cstackCOMRAM 000010
___fladd@signs                   cstackCOMRAM 00000D
___flsub                         text47       0024F8
___flsub@a                       cstackCOMRAM 000015
___flsub@b                       cstackCOMRAM 000011
___inthi_sp                      stack        000000
___intlo_sp                      stack        000000
___lldiv                         text35       002180
___lldiv@counter                 cstackCOMRAM 00002A
___lldiv@dividend                cstackCOMRAM 00001E
___lldiv@divisor                 cstackCOMRAM 000022
___lldiv@quotient                cstackCOMRAM 000026
___param_bank                    (abs)        000000
___rparam_used                   (abs)        000001
___sp                            stack        000000
___wmul                          text14       002666
___wmul@multiplicand             cstackCOMRAM 000020
___wmul@multiplier               cstackCOMRAM 00001E
___wmul@product                  cstackCOMRAM 000022
__accesstop                      (abs)        000080
__activetblptr                   (abs)        000002
__end_of_DCMotorAllOff           text44       002736
__end_of_DCMotorCenterLeft       text43       0027B0
__end_of_DCMotorCenterRight      text42       0027AA
__end_of_DCMotorLeftBkwd         text41       0027A4
__end_of_DCMotorLeftFwd          text38       002794
__end_of_DCMotorLeftRightBkwdON  text39       00276C
__end_of_DCMotorLeftRightFwdON   text36       002762
__end_of_DCMotorRightBkwd        text40       00279C
__end_of_DCMotorRightFwd         text37       00278C
__end_of_I2C_Master_Init         text34       0022C8
__end_of_I2C_Master_Start        text26       002784
__end_of_I2C_Master_Stop         text25       00277C
__end_of_I2C_Master_Wait         text27       002716
__end_of_I2C_Master_Write        text24       002758
__end_of_LCD_LINE1_ADDR          smallconst   001016
__end_of_LCD_LINE2_ADDR          smallconst   001015
__end_of_LCD_LINE3_ADDR          smallconst   001014
__end_of_LCD_LINE4_ADDR          smallconst   001013
__end_of_LCD_SIZE_HORZ           smallconst   001018
__end_of_LCD_SIZE_VERT           smallconst   001017
__end_of_LCD_set_cursor          text29       0024AE
__end_of_LCD_write_str           text28       0024F8
__end_of_RTC_Init                text23       002612
__end_of_UART_Init               text21       002180
__end_of_UART_available          text20       0026D2
__end_of_UART_read               text19       0026B2
__end_of_UART_send_char          text18       0026EE
__end_of_UART_send_string        text17       001FB8
__end_of___aldiv                 text22       001F0E
__end_of___fladd                 text48       001ADA
__end_of___flsub                 text47       00253E
__end_of___lldiv                 text35       002202
__end_of___wmul                  text14       00268C
__end_of__initialization         cinit        002362
__end_of_atoi                    text11       001C1A
__end_of_ctoa                    text5        002460
__end_of_fputc                   text9        002058
__end_of_fputs                   text8        0025B4
__end_of_high_isr                intcode_body 001E42
__end_of_initLCD                 text16       00226C
__end_of_isdigit                 text13       0025E4
__end_of_isspace                 text12       00257C
__end_of_keys                    smallconst   001012
__end_of_lcdInst                 text30       00274E
__end_of_low_isr                 intcodelo    000094
__end_of_main                    text0        00145C
__end_of_pad                     text6        0020EE
__end_of_portSetup               text15       002412
__end_of_pulse_e                 text33       002666
__end_of_putch                   text10       002742
__end_of_send_byte               text31       002728
__end_of_send_nibble             text32       002704
__end_of_sprintf                 text1        0023C2
__end_of_stoa                    text4        001D42
__end_of_strlen                  text7        00263C
__end_of_vfpfcnvrt               text3        0017CE
__end_of_vfprintf                text2        00231E
__initialization                 cinit        00231E
__mediumconst                    mediumconst  000000
__pbssBANK0                      bssBANK0     0000AC
__pbssBANK1                      bssBANK1     000100
__pbssCOMRAM                     bssCOMRAM    000046
__pcinit                         cinit        00231E
__pcstackBANK0                   cstackBANK0  000080
__pcstackBANK1                   cstackBANK1  000180
__pcstackCOMRAM                  cstackCOMRAM 000001
__pdataCOMRAM                    dataCOMRAM   00005A
__pidataCOMRAM                   idataCOMRAM  00276C
__pintcode                       intcode      000008
__pintcode_body                  intcode_body 001D42
__pintcodelo                     intcodelo    000018
__psmallconst                    smallconst   001000
__ptext0                         text0        001034
__ptext1                         text1        002370
__ptext10                        text10       002736
__ptext11                        text11       001ADA
__ptext12                        text12       00253E
__ptext13                        text13       0025B4
__ptext14                        text14       002666
__ptext15                        text15       0023C2
__ptext16                        text16       002202
__ptext17                        text17       001F0E
__ptext18                        text18       0026D2
__ptext19                        text19       00268C
__ptext2                         text2        0022C8
__ptext20                        text20       0026B2
__ptext21                        text21       0020EE
__ptext22                        text22       001E42
__ptext23                        text23       0025E4
__ptext24                        text24       00274E
__ptext25                        text25       002774
__ptext26                        text26       00277C
__ptext27                        text27       002704
__ptext28                        text28       0024AE
__ptext29                        text29       002460
__ptext3                         text3        00145C
__ptext30                        text30       002742
__ptext31                        text31       002716
__ptext32                        text32       0026EE
__ptext33                        text33       00263C
__ptext34                        text34       00226C
__ptext35                        text35       002180
__ptext36                        text36       002758
__ptext37                        text37       002784
__ptext38                        text38       00278C
__ptext39                        text39       002762
__ptext4                         text4        001C1A
__ptext40                        text40       002794
__ptext41                        text41       00279C
__ptext42                        text42       0027A4
__ptext43                        text43       0027AA
__ptext44                        text44       002728
__ptext47                        text47       0024F8
__ptext48                        text48       0017CE
__ptext5                         text5        002412
__ptext6                         text6        002058
__ptext7                         text7        002612
__ptext8                         text8        00257C
__ptext9                         text9        001FB8
__ramtop                         ramtop       001000
__rx_buffer                      bssBANK1     000140
__rx_buffer_head                 bssCOMRAM    000059
__rx_buffer_tail                 bssCOMRAM    000058
__size_of_DCMotorAllOff          (abs)        000000
__size_of_DCMotorCenterLeft      (abs)        000000
__size_of_DCMotorCenterRight     (abs)        000000
__size_of_DCMotorLeftBkwd        (abs)        000000
__size_of_DCMotorLeftFwd         (abs)        000000
__size_of_DCMotorLeftRightBkwdON (abs)        000000
__size_of_DCMotorLeftRightFwdON  (abs)        000000
__size_of_DCMotorRightBkwd       (abs)        000000
__size_of_DCMotorRightFwd        (abs)        000000
__size_of_I2C_Master_Init        (abs)        000000
__size_of_I2C_Master_Start       (abs)        000000
__size_of_I2C_Master_Stop        (abs)        000000
__size_of_I2C_Master_Wait        (abs)        000000
__size_of_I2C_Master_Write       (abs)        000000
__size_of_LCD_set_cursor         (abs)        000000
__size_of_LCD_write_str          (abs)        000000
__size_of_RTC_Init               (abs)        000000
__size_of_UART_Init              (abs)        000000
__size_of_UART_available         (abs)        000000
__size_of_UART_read              (abs)        000000
__size_of_UART_send_char         (abs)        000000
__size_of_UART_send_string       (abs)        000000
__size_of___aldiv                (abs)        000000
__size_of___fladd                (abs)        000000
__size_of___flsub                (abs)        000000
__size_of___lldiv                (abs)        000000
__size_of___wmul                 (abs)        000000
__size_of_atoi                   (abs)        000000
__size_of_ctoa                   (abs)        000000
__size_of_fputc                  (abs)        000000
__size_of_fputs                  (abs)        000000
__size_of_high_isr               (abs)        000000
__size_of_initLCD                (abs)        000000
__size_of_isdigit                (abs)        000000
__size_of_isspace                (abs)        000000
__size_of_lcdInst                (abs)        000000
__size_of_low_isr                (abs)        000000
__size_of_main                   (abs)        000000
__size_of_pad                    (abs)        000000
__size_of_portSetup              (abs)        000000
__size_of_pulse_e                (abs)        000000
__size_of_putch                  (abs)        000000
__size_of_send_byte              (abs)        000000
__size_of_send_nibble            (abs)        000000
__size_of_sprintf                (abs)        000000
__size_of_stoa                   (abs)        000000
__size_of_strlen                 (abs)        000000
__size_of_vfpfcnvrt              (abs)        000000
__size_of_vfprintf               (abs)        000000
__smallconst                     smallconst   001000
__tx_buffer                      bssBANK1     000100
__tx_buffer_head                 bssCOMRAM    000057
__tx_buffer_tail                 bssCOMRAM    000056
_atoi                            text11       001ADA
_atoi$1579                       cstackCOMRAM 00002D
_atoi$1580                       cstackCOMRAM 000031
_atoi$1581                       cstackCOMRAM 00002F
_ctoa                            text5        002412
_dbuf                            bssBANK0     0000AD
_direction                       dataCOMRAM   000061
_distanceL                       bssCOMRAM    00004A
_distanceR                       bssCOMRAM    000046
_flags                           bssCOMRAM    000054
_fputc                           text9        001FB8
_fputs                           text8        00257C
_high_isr                        intcode      000008
_initLCD                         text16       002202
_isdigit                         text13       0025B4
_isspace                         text12       00253E
_isspace$1597                    cstackCOMRAM 000024
_key_was_pressed                 bssBANK0     0000AC
_keys                            smallconst   001001
_lcdInst                         text30       002742
_low_isr                         intcodelo    000018
_main                            text0        001034
_nout                            bssCOMRAM    00004E
_pad                             text6        002058
_portSetup                       text15       0023C2
_prec                            bssCOMRAM    000052
_pulse_e                         text33       00263C
_putch                           text10       002736
_send_byte                       text31       002716
_send_nibble                     text32       0026EE
_sprintf                         text1        002370
_stoa                            text4        001C1A
_strlen                          text7        002612
_vfpfcnvrt                       text3        00145C
_vfpfcnvrt$1122                  cstackBANK0  000089
_vfpfcnvrt$1123                  cstackBANK0  00008B
_vfprintf                        text2        0022C8
_width                           bssCOMRAM    000050
atoi@n                           cstackCOMRAM 000032
atoi@neg                         cstackCOMRAM 00002B
atoi@s                           cstackCOMRAM 000025
btemp                            temp         000062
ctoa@c                           cstackCOMRAM 00003F
ctoa@fp                          cstackCOMRAM 00003D
ctoa@w                           cstackCOMRAM 000040
end_of_initialization            cinit        002362
fputc@c                          cstackCOMRAM 000022
fputc@fp                         cstackCOMRAM 000024
fputs@c                          cstackCOMRAM 00002F
fputs@fp                         cstackCOMRAM 00002D
fputs@i                          cstackCOMRAM 000030
fputs@s                          cstackCOMRAM 00002B
int$flags                        temp         000062
int_func                         intcode_body 001D42
intlevel0                        text         000000
intlevel1                        text         000000
intlevel2                        text         000000
intlevel3                        text         000000
isdigit@c                        cstackCOMRAM 00001E
isspace@c                        cstackCOMRAM 00001E
lcdInst@data                     cstackCOMRAM 000021
main@command                     cstackBANK1  000199
main@commandReceived             cstackBANK1  0001C5
main@index                       cstackBANK1  0001C6
main@keypress                    cstackBANK1  0001C4
main@lcdDisplay                  cstackBANK1  0001B2
main@uart_char_to_send           cstackBANK1  000180
pad@buf                          cstackCOMRAM 000034
pad@fp                           cstackCOMRAM 000032
pad@i                            cstackCOMRAM 000039
pad@p                            cstackCOMRAM 000036
pad@w                            cstackCOMRAM 00003B
pulse_e@interruptState           cstackCOMRAM 00001E
putch@data                       cstackCOMRAM 000021
send_byte@data                   cstackCOMRAM 000020
send_nibble@data                 cstackCOMRAM 00001F
sprintf@ap                       cstackBANK0  00009F
sprintf@f                        cstackBANK0  0000A1
sprintf@fmt                      cstackBANK0  000097
sprintf@s                        cstackBANK0  000095
stackhi                          (abs)        000F7F
stacklo                          (abs)        0001C8
start                            init         000094
start_initialization             cinit        00231E
stoa@F1136                       dataCOMRAM   00005A
stoa@cp                          cstackCOMRAM 00003B
stoa@fp                          cstackCOMRAM 00002B
stoa@i                           cstackCOMRAM 000037
stoa@l                           cstackCOMRAM 00003F
stoa@nuls                        cstackCOMRAM 000030
stoa@p                           cstackCOMRAM 00003D
stoa@s                           cstackCOMRAM 00002D
stoa@w                           cstackCOMRAM 000039
strlen@a                         cstackCOMRAM 000020
strlen@s                         cstackCOMRAM 00001E
ttemp5                           temp         000063
ttemp6                           temp         000066
ttemp7                           temp         00006A
vfpfcnvrt@ap                     cstackBANK0  000084
vfpfcnvrt@c                      cstackBANK0  000088
vfpfcnvrt@cp                     cstackBANK0  000086
vfpfcnvrt@fmt                    cstackBANK0  000082
vfpfcnvrt@fp                     cstackBANK0  000080
vfprintf@ap                      cstackBANK0  000091
vfprintf@cfmt                    cstackBANK0  000093
vfprintf@fmt                     cstackBANK0  00008F
vfprintf@fp                      cstackBANK0  00008D
wtemp8                           temp         000063


FUNCTION INFORMATION:

 *************** function _main *****************
 Defined at:
		line 147 in file "main.c"
 Parameters:    Size  Location     Type
		None
 Auto vars:     Size  Location     Type
  keypress        1   68[BANK1 ] unsigned char 
  command        25   25[BANK1 ] unsigned char [25]
  uart_char_to   25    0[BANK1 ] unsigned char [25]
  lcdDisplay     16   50[BANK1 ] unsigned char [16]
  buffer         10    0        unsigned char [10]
  index           2   70[BANK1 ] int 
  commandLengt    2    0        int 
  commandRecei    1   69[BANK1 ] _Bool 
  toPrint         1    0        unsigned char 
 Return value:  Size  Location     Type
                  1    wreg      void 
 Registers used:
		wreg, fsr0l, fsr0h, fsr1l, fsr1h, fsr2l, fsr2h, status,2, status,0, tblptrl, tblptrh, tblptru, prodl, prodh, cstack
 Tracked objects:
		On entry : 
		On exit  : 
		Unchanged: 
 Data sizes:     COMRAM   BANK0   BANK1   BANK2   BANK3   BANK4   BANK5   BANK6   BANK7   BANK8   BANK9  BANK10  BANK11  BANK12  BANK13  BANK14  BANK15
      Params:         0       0       0       0       0       0       0       0       0       0       0       0       0       0       0       0       0
      Locals:         0       0      72       0       0       0       0       0       0       0       0       0       0       0       0       0       0
      Temps:          0       5       0       0       0       0       0       0       0       0       0       0       0       0       0       0       0
      Totals:         0       5      72       0       0       0       0       0       0       0       0       0       0       0       0       0       0
Total ram usage:       77 bytes
 Hardware stack levels required when called:   15
 This function calls:
		_DCMotorAllOff
		_DCMotorCenterLeft
		_DCMotorCenterRight
		_DCMotorLeftBkwd
		_DCMotorLeftFwd
		_DCMotorLeftRightBkwdON
		_DCMotorLeftRightFwdON
		_DCMotorRightBkwd
		_DCMotorRightFwd
		_I2C_Master_Init
		_LCD_set_cursor
		_LCD_write_str
		_RTC_Init
		_UART_Init
		_UART_available
		_UART_read
		_UART_send_string
		_initLCD
		_portSetup
		_sprintf
 This function is called by:
		Startup code after reset
 This function uses a non-reentrant model


 *************** function _sprintf *****************
 Defined at:
		line 9 in file "C:\Program Files (x86)\Microchip\xc8\v2.05\pic\sources\c99\common\nf_sprintf.c"
 Parameters:    Size  Location     Type
  s               2   21[BANK0 ] PTR unsigned char 
		 -> main@uart_char_to_send(25), main@lcdDisplay(16), 
  fmt             2   23[BANK0 ] PTR const unsigned char 
		 -> STR_6(6), STR_5(5), STR_4(5), STR_3(5), 
		 -> STR_2(5), 
 Auto vars:     Size  Location     Type
  f               6   33[BANK0 ] struct _IO_FILE
  ap              2   31[BANK0 ] PTR void [1]
		 -> ?_sprintf(2), 
  ret             2    0        int 
 Return value:  Size  Location     Type
                  2   21[BANK0 ] int 
 Registers used:
		wreg, fsr1l, fsr1h, fsr2l, fsr2h, status,2, status,0, tblptrl, tblptrh, tblptru, prodl, prodh, cstack
 Tracked objects:
		On entry : 
		On exit  : 
		Unchanged: 
 Data sizes:     COMRAM   BANK0   BANK1   BANK2   BANK3   BANK4   BANK5   BANK6   BANK7   BANK8   BANK9  BANK10  BANK11  BANK12  BANK13  BANK14  BANK15
      Params:         0       8       0       0       0       0       0       0       0       0       0       0       0       0       0       0       0
      Locals:         0      10       0       0       0       0       0       0       0       0       0       0       0       0       0       0       0
      Temps:          0       0       0       0       0       0       0       0       0       0       0       0       0       0       0       0       0
      Totals:         0      18       0       0       0       0       0       0       0       0       0       0       0       0       0       0       0
Total ram usage:       18 bytes
 Hardware stack levels used:    1
 Hardware stack levels required when called:   14
 This function calls:
		_vfprintf
 This function is called by:
		_main
 This function uses a non-reentrant model


 *************** function _vfprintf *****************
 Defined at:
		line 1368 in file "C:\Program Files (x86)\Microchip\xc8\v2.05\pic\sources\c99\common\doprnt.c"
 Parameters:    Size  Location     Type
  fp              2   13[BANK0 ] PTR struct _IO_FILE
		 -> sprintf@f(6), 
  fmt             2   15[BANK0 ] PTR const unsigned char 
		 -> STR_6(6), STR_5(5), STR_4(5), STR_3(5), 
		 -> STR_2(5), 
  ap              2   17[BANK0 ] PTR PTR void 
		 -> sprintf@ap(2), 
 Auto vars:     Size  Location     Type
  cfmt            2   19[BANK0 ] PTR unsigned char 
		 -> STR_6(6), STR_5(5), STR_4(5), STR_3(5), 
		 -> STR_2(5), 
 Return value:  Size  Location     Type
                  2   13[BANK0 ] int 
 Registers used:
		wreg, fsr1l, fsr1h, fsr2l, fsr2h, status,2, status,0, tblptrl, tblptrh, tblptru, prodl, prodh, cstack
 Tracked objects:
		On entry : 
		On exit  : 
		Unchanged: 
 Data sizes:     COMRAM   BANK0   BANK1   BANK2   BANK3   BANK4   BANK5   BANK6   BANK7   BANK8   BANK9  BANK10  BANK11  BANK12  BANK13  BANK14  BANK15
      Params:         0       6       0       0       0       0       0       0       0       0       0       0       0       0       0       0       0
      Locals:         0       2       0       0       0       0       0       0       0       0       0       0       0       0       0       0       0
      Temps:          0       0       0       0       0       0       0       0       0       0       0       0       0       0       0       0       0
      Totals:         0       8       0       0       0       0       0       0       0       0       0       0       0       0       0       0       0
Total ram usage:        8 bytes
 Hardware stack levels used:    1
 Hardware stack levels required when called:   13
 This function calls:
		_vfpfcnvrt
 This function is called by:
		_sprintf
 This function uses a non-reentrant model


 *************** function _vfpfcnvrt *****************
 Defined at:
		line 670 in file "C:\Program Files (x86)\Microchip\xc8\v2.05\pic\sources\c99\common\doprnt.c"
 Parameters:    Size  Location     Type
  fp              2    0[BANK0 ] PTR struct _IO_FILE
		 -> sprintf@f(6), 
  fmt             2    2[BANK0 ] PTR PTR unsigned char 
		 -> vfprintf@cfmt(2), 
  ap              2    4[BANK0 ] PTR PTR void 
		 -> sprintf@ap(2), 
 Auto vars:     Size  Location     Type
  llu             8    0        unsigned long long 
  ll              8    0        long long 
  f               4    0        long long 
  vp              3    0        PTR void 
  ct              3    0        unsigned char [3]
  cp              2    6[BANK0 ] PTR unsigned char 
		 -> ?_sprintf(2), main@command(25), 
  i               2    0        int 
  done            2    0        int 
  c               1    8[BANK0 ] unsigned char 
 Return value:  Size  Location     Type
                  2    0[BANK0 ] int 
 Registers used:
		wreg, fsr1l, fsr1h, fsr2l, fsr2h, status,2, status,0, tblptrl, tblptrh, tblptru, prodl, prodh, cstack
 Tracked objects:
		On entry : 
		On exit  : 
		Unchanged: 
 Data sizes:     COMRAM   BANK0   BANK1   BANK2   BANK3   BANK4   BANK5   BANK6   BANK7   BANK8   BANK9  BANK10  BANK11  BANK12  BANK13  BANK14  BANK15
      Params:         0       6       0       0       0       0       0       0       0       0       0       0       0       0       0       0       0
      Locals:         0       7       0       0       0       0       0       0       0       0       0       0       0       0       0       0       0
      Temps:          4       0       0       0       0       0       0       0       0       0       0       0       0       0       0       0       0
      Totals:         4      13       0       0       0       0       0       0       0       0       0       0       0       0       0       0       0
Total ram usage:       17 bytes
 Hardware stack levels used:    1
 Hardware stack levels required when called:   12
 This function calls:
		_atoi
		_ctoa
		_fputc
		_isdigit
		_stoa
 This function is called by:
		_vfprintf
 This function uses a non-reentrant model


 *************** function _stoa *****************
 Defined at:
		line 546 in file "C:\Program Files (x86)\Microchip\xc8\v2.05\pic\sources\c99\common\doprnt.c"
 Parameters:    Size  Location     Type
  fp              2   42[COMRAM] PTR struct _IO_FILE
		 -> sprintf@f(6), 
  s               2   44[COMRAM] PTR unsigned char 
		 -> ?_sprintf(2), main@command(25), 
 Auto vars:     Size  Location     Type
  nuls            7   47[COMRAM] unsigned char [7]
  l               2   62[COMRAM] int 
  p               2   60[COMRAM] int 
  cp              2   58[COMRAM] PTR unsigned char 
		 -> ?_sprintf(2), stoa@nuls(7), main@command(25), 
  w               2   56[COMRAM] int 
  i               2   54[COMRAM] int 
 Return value:  Size  Location     Type
                  2   42[COMRAM] int 
 Registers used:
		wreg, fsr1l, fsr1h, fsr2l, fsr2h, status,2, status,0, cstack
 Tracked objects:
		On entry : 
		On exit  : 
		Unchanged: 
 Data sizes:     COMRAM   BANK0   BANK1   BANK2   BANK3   BANK4   BANK5   BANK6   BANK7   BANK8   BANK9  BANK10  BANK11  BANK12  BANK13  BANK14  BANK15
      Params:         4       0       0       0       0       0       0       0       0       0       0       0       0       0       0       0       0
      Locals:        17       0       0       0       0       0       0       0       0       0       0       0       0       0       0       0       0
      Temps:          1       0       0       0       0       0       0       0       0       0       0       0       0       0       0       0       0
      Totals:        22       0       0       0       0       0       0       0       0       0       0       0       0       0       0       0       0
Total ram usage:       22 bytes
 Hardware stack levels used:    1
 Hardware stack levels required when called:    9
 This function calls:
		_fputc
		_strlen
 This function is called by:
		_vfpfcnvrt
 This function uses a non-reentrant model


 *************** function _ctoa *****************
 Defined at:
		line 259 in file "C:\Program Files (x86)\Microchip\xc8\v2.05\pic\sources\c99\common\doprnt.c"
 Parameters:    Size  Location     Type
  fp              2   60[COMRAM] PTR struct _IO_FILE
		 -> sprintf@f(6), 
  c               1   62[COMRAM] unsigned char 
 Auto vars:     Size  Location     Type
  w               2   63[COMRAM] int 
  l               2    0        int 
 Return value:  Size  Location     Type
                  2   60[COMRAM] int 
 Registers used:
		wreg, fsr1l, fsr1h, fsr2l, fsr2h, status,2, status,0, cstack
 Tracked objects:
		On entry : 
		On exit  : 
		Unchanged: 
 Data sizes:     COMRAM   BANK0   BANK1   BANK2   BANK3   BANK4   BANK5   BANK6   BANK7   BANK8   BANK9  BANK10  BANK11  BANK12  BANK13  BANK14  BANK15
      Params:         3       0       0       0       0       0       0       0       0       0       0       0       0       0       0       0       0
      Locals:         2       0       0       0       0       0       0       0       0       0       0       0       0       0       0       0       0
      Temps:          0       0       0       0       0       0       0       0       0       0       0       0       0       0       0       0       0
      Totals:         5       0       0       0       0       0       0       0       0       0       0       0       0       0       0       0       0
Total ram usage:        5 bytes
 Hardware stack levels used:    1
 Hardware stack levels required when called:   11
 This function calls:
		_pad
 This function is called by:
		_vfpfcnvrt
 This function uses a non-reentrant model


 *************** function _pad *****************
 Defined at:
		line 72 in file "C:\Program Files (x86)\Microchip\xc8\v2.05\pic\sources\c99\common\doprnt.c"
 Parameters:    Size  Location     Type
  fp              2   49[COMRAM] PTR struct _IO_FILE
		 -> sprintf@f(6), 
  buf             2   51[COMRAM] PTR unsigned char 
		 -> dbuf(32), 
  p               2   53[COMRAM] int 
 Auto vars:     Size  Location     Type
  w               2   58[COMRAM] int 
  i               2   56[COMRAM] int 
 Return value:  Size  Location     Type
                  2   49[COMRAM] int 
 Registers used:
		wreg, fsr1l, fsr1h, fsr2l, fsr2h, status,2, status,0, cstack
 Tracked objects:
		On entry : 
		On exit  : 
		Unchanged: 
 Data sizes:     COMRAM   BANK0   BANK1   BANK2   BANK3   BANK4   BANK5   BANK6   BANK7   BANK8   BANK9  BANK10  BANK11  BANK12  BANK13  BANK14  BANK15
      Params:         6       0       0       0       0       0       0       0       0       0       0       0       0       0       0       0       0
      Locals:         4       0       0       0       0       0       0       0       0       0       0       0       0       0       0       0       0
      Temps:          1       0       0       0       0       0       0       0       0       0       0       0       0       0       0       0       0
      Totals:        11       0       0       0       0       0       0       0       0       0       0       0       0       0       0       0       0
Total ram usage:       11 bytes
 Hardware stack levels used:    1
 Hardware stack levels required when called:   10
 This function calls:
		_fputc
		_fputs
		_strlen
 This function is called by:
		_ctoa
 This function uses a non-reentrant model


 *************** function _strlen *****************
 Defined at:
		line 12 in file "C:\Program Files (x86)\Microchip\xc8\v2.05\pic\sources\c99\common\strlen.c"
 Parameters:    Size  Location     Type
  s               2   29[COMRAM] PTR const unsigned char 
		 -> ?_sprintf(2), stoa@nuls(7), dbuf(32), main@command(25), 
 Auto vars:     Size  Location     Type
  a               2   31[COMRAM] PTR const unsigned char 
		 -> ?_sprintf(2), stoa@nuls(7), dbuf(32), main@command(25), 
 Return value:  Size  Location     Type
                  2   29[COMRAM] unsigned int 
 Registers used:
		wreg, fsr2l, fsr2h, status,2, status,0
 Tracked objects:
		On entry : 
		On exit  : 
		Unchanged: 
 Data sizes:     COMRAM   BANK0   BANK1   BANK2   BANK3   BANK4   BANK5   BANK6   BANK7   BANK8   BANK9  BANK10  BANK11  BANK12  BANK13  BANK14  BANK15
      Params:         2       0       0       0       0       0       0       0       0       0       0       0       0       0       0       0       0
      Locals:         2       0       0       0       0       0       0       0       0       0       0       0       0       0       0       0       0
      Temps:          0       0       0       0       0       0       0       0       0       0       0       0       0       0       0       0       0
      Totals:         4       0       0       0       0       0       0       0       0       0       0       0       0       0       0       0       0
Total ram usage:        4 bytes
 Hardware stack levels used:    1
 Hardware stack levels required when called:    4
 This function calls:
		Nothing
 This function is called by:
		_pad
		_stoa
		_reverse
 This function uses a non-reentrant model


 *************** function _fputs *****************
 Defined at:
		line 8 in file "C:\Program Files (x86)\Microchip\xc8\v2.05\pic\sources\c99\common\nf_fputs.c"
 Parameters:    Size  Location     Type
  s               2   42[COMRAM] PTR const unsigned char 
		 -> dbuf(32), 
  fp              2   44[COMRAM] PTR struct _IO_FILE
		 -> sprintf@f(6), 
 Auto vars:     Size  Location     Type
  i               2   47[COMRAM] int 
  c               1   46[COMRAM] unsigned char 
 Return value:  Size  Location     Type
                  2   42[COMRAM] int 
 Registers used:
		wreg, fsr1l, fsr1h, fsr2l, fsr2h, status,2, status,0, cstack
 Tracked objects:
		On entry : 
		On exit  : 
		Unchanged: 
 Data sizes:     COMRAM   BANK0   BANK1   BANK2   BANK3   BANK4   BANK5   BANK6   BANK7   BANK8   BANK9  BANK10  BANK11  BANK12  BANK13  BANK14  BANK15
      Params:         4       0       0       0       0       0       0       0       0       0       0       0       0       0       0       0       0
      Locals:         3       0       0       0       0       0       0       0       0       0       0       0       0       0       0       0       0
      Temps:          0       0       0       0       0       0       0       0       0       0       0       0       0       0       0       0       0
      Totals:         7       0       0       0       0       0       0       0       0       0       0       0       0       0       0       0       0
Total ram usage:        7 bytes
 Hardware stack levels used:    1
 Hardware stack levels required when called:    9
 This function calls:
		_fputc
 This function is called by:
		_pad
 This function uses a non-reentrant model


 *************** function _fputc *****************
 Defined at:
		line 8 in file "C:\Program Files (x86)\Microchip\xc8\v2.05\pic\sources\c99\common\nf_fputc.c"
 Parameters:    Size  Location     Type
  c               2   33[COMRAM] int 
  fp              2   35[COMRAM] PTR struct _IO_FILE
		 -> sprintf@f(6), 
 Auto vars:     Size  Location     Type
		None
 Return value:  Size  Location     Type
                  2   33[COMRAM] int 
 Registers used:
		wreg, fsr1l, fsr1h, fsr2l, fsr2h, status,2, status,0, cstack
 Tracked objects:
		On entry : 
		On exit  : 
		Unchanged: 
 Data sizes:     COMRAM   BANK0   BANK1   BANK2   BANK3   BANK4   BANK5   BANK6   BANK7   BANK8   BANK9  BANK10  BANK11  BANK12  BANK13  BANK14  BANK15
      Params:         4       0       0       0       0       0       0       0       0       0       0       0       0       0       0       0       0
      Locals:         0       0       0       0       0       0       0       0       0       0       0       0       0       0       0       0       0
      Temps:          5       0       0       0       0       0       0       0       0       0       0       0       0       0       0       0       0
      Totals:         9       0       0       0       0       0       0       0       0       0       0       0       0       0       0       0       0
Total ram usage:        9 bytes
 Hardware stack levels used:    1
 Hardware stack levels required when called:    8
 This function calls:
		_putch
 This function is called by:
		_pad
		_stoa
		_vfpfcnvrt
		_fputs
 This function uses a non-reentrant model


 *************** function _putch *****************
 Defined at:
		line 100 in file "lcd.c"
 Parameters:    Size  Location     Type
  data            1    wreg     unsigned char 
 Auto vars:     Size  Location     Type
  data            1   32[COMRAM] unsigned char 
 Return value:  Size  Location     Type
                  1    wreg      void 
 Registers used:
		wreg, status,2, status,0, cstack
 Tracked objects:
		On entry : 
		On exit  : 
		Unchanged: 
 Data sizes:     COMRAM   BANK0   BANK1   BANK2   BANK3   BANK4   BANK5   BANK6   BANK7   BANK8   BANK9  BANK10  BANK11  BANK12  BANK13  BANK14  BANK15
      Params:         0       0       0       0       0       0       0       0       0       0       0       0       0       0       0       0       0
      Locals:         1       0       0       0       0       0       0       0       0       0       0       0       0       0       0       0       0
      Temps:          0       0       0       0       0       0       0       0       0       0       0       0       0       0       0       0       0
      Totals:         1       0       0       0       0       0       0       0       0       0       0       0       0       0       0       0       0
Total ram usage:        1 bytes
 Hardware stack levels used:    1
 Hardware stack levels required when called:    7
 This function calls:
		_send_byte
 This function is called by:
		_fputc
 This function uses a non-reentrant model


 *************** function _atoi *****************
 Defined at:
		line 4 in file "C:\Program Files (x86)\Microchip\xc8\v2.05\pic\sources\c99\common\atoi.c"
 Parameters:    Size  Location     Type
  s               2   36[COMRAM] PTR const unsigned char 
		 -> STR_6(6), STR_5(5), STR_4(5), STR_3(5), 
		 -> STR_2(5), 
 Auto vars:     Size  Location     Type
  n               2   49[COMRAM] int 
  neg             2   42[COMRAM] int 
 Return value:  Size  Location     Type
                  2   36[COMRAM] int 
 Registers used:
		wreg, status,2, status,0, tblptrl, tblptrh, tblptru, prodl, prodh, cstack
 Tracked objects:
		On entry : 
		On exit  : 
		Unchanged: 
 Data sizes:     COMRAM   BANK0   BANK1   BANK2   BANK3   BANK4   BANK5   BANK6   BANK7   BANK8   BANK9  BANK10  BANK11  BANK12  BANK13  BANK14  BANK15
      Params:         2       0       0       0       0       0       0       0       0       0       0       0       0       0       0       0       0
      Locals:         9       0       0       0       0       0       0       0       0       0       0       0       0       0       0       0       0
      Temps:          4       0       0       0       0       0       0       0       0       0       0       0       0       0       0       0       0
      Totals:        15       0       0       0       0       0       0       0       0       0       0       0       0       0       0       0       0
Total ram usage:       15 bytes
 Hardware stack levels used:    1
 Hardware stack levels required when called:    5
 This function calls:
		___wmul
		_isdigit
		_isspace
 This function is called by:
		_vfpfcnvrt
 This function uses a non-reentrant model


 *************** function _isspace *****************
 Defined at:
		line 5 in file "C:\Program Files (x86)\Microchip\xc8\v2.05\pic\sources\c99\common\isspace.c"
 Parameters:    Size  Location     Type
  c               2   29[COMRAM] int 
 Auto vars:     Size  Location     Type
		None
 Return value:  Size  Location     Type
                  2   29[COMRAM] int 
 Registers used:
		wreg, status,2, status,0
 Tracked objects:
		On entry : 
		On exit  : 
		Unchanged: 
 Data sizes:     COMRAM   BANK0   BANK1   BANK2   BANK3   BANK4   BANK5   BANK6   BANK7   BANK8   BANK9  BANK10  BANK11  BANK12  BANK13  BANK14  BANK15
      Params:         2       0       0       0       0       0       0       0       0       0       0       0       0       0       0       0       0
      Locals:         1       0       0       0       0       0       0       0       0       0       0       0       0       0       0       0       0
      Temps:          4       0       0       0       0       0       0       0       0       0       0       0       0       0       0       0       0
      Totals:         7       0       0       0       0       0       0       0       0       0       0       0       0       0       0       0       0
Total ram usage:        7 bytes
 Hardware stack levels used:    1
 Hardware stack levels required when called:    4
 This function calls:
		Nothing
 This function is called by:
		_atoi
 This function uses a non-reentrant model


 *************** function _isdigit *****************
 Defined at:
		line 5 in file "C:\Program Files (x86)\Microchip\xc8\v2.05\pic\sources\c99\common\isdigit.c"
 Parameters:    Size  Location     Type
  c               2   29[COMRAM] int 
 Auto vars:     Size  Location     Type
		None
 Return value:  Size  Location     Type
                  2   29[COMRAM] int 
 Registers used:
		wreg, status,2, status,0
 Tracked objects:
		On entry : 
		On exit  : 
		Unchanged: 
 Data sizes:     COMRAM   BANK0   BANK1   BANK2   BANK3   BANK4   BANK5   BANK6   BANK7   BANK8   BANK9  BANK10  BANK11  BANK12  BANK13  BANK14  BANK15
      Params:         2       0       0       0       0       0       0       0       0       0       0       0       0       0       0       0       0
      Locals:         0       0       0       0       0       0       0       0       0       0       0       0       0       0       0       0       0
      Temps:          4       0       0       0       0       0       0       0       0       0       0       0       0       0       0       0       0
      Totals:         6       0       0       0       0       0       0       0       0       0       0       0       0       0       0       0       0
Total ram usage:        6 bytes
 Hardware stack levels used:    1
 Hardware stack levels required when called:    4
 This function calls:
		Nothing
 This function is called by:
		_vfpfcnvrt
		_atoi
 This function uses a non-reentrant model


 *************** function ___wmul *****************
 Defined at:
		line 15 in file "C:\Program Files (x86)\Microchip\xc8\v2.05\pic\sources\c99\common\Umul16.c"
 Parameters:    Size  Location     Type
  multiplier      2   29[COMRAM] unsigned int 
  multiplicand    2   31[COMRAM] unsigned int 
 Auto vars:     Size  Location     Type
  product         2   33[COMRAM] unsigned int 
 Return value:  Size  Location     Type
                  2   29[COMRAM] unsigned int 
 Registers used:
		wreg, status,2, status,0, prodl, prodh
 Tracked objects:
		On entry : 
		On exit  : 
		Unchanged: 
 Data sizes:     COMRAM   BANK0   BANK1   BANK2   BANK3   BANK4   BANK5   BANK6   BANK7   BANK8   BANK9  BANK10  BANK11  BANK12  BANK13  BANK14  BANK15
      Params:         4       0       0       0       0       0       0       0       0       0       0       0       0       0       0       0       0
      Locals:         2       0       0       0       0       0       0       0       0       0       0       0       0       0       0       0       0
      Temps:          0       0       0       0       0       0       0       0       0       0       0       0       0       0       0       0       0
[...]
      Temps:          0       0       0       0       0       0       0       0       0       0       0       0       0       0       0       0       0
      Totals:         0       0       0       0       0       0       0       0       0       0       0       0       0       0       0       0       0
Total ram usage:        0 bytes
 Hardware stack levels used:    1
 Hardware stack levels required when called:    4
 This function calls:
		Nothing
 This function is called by:
		_main
		_DCMotorLeftRightFwdON
 This function uses a non-reentrant model


 *************** function _DCMotorLeftRightBkwdON *****************
 Defined at:
		line 54 in file "motors.c"
 Parameters:    Size  Location     Type
		None
 Auto vars:     Size  Location     Type
		None
 Return value:  Size  Location     Type
                  1    wreg      void 
 Registers used:
		cstack
 Tracked objects:
		On entry : 
		On exit  : 
		Unchanged: 
 Data sizes:     COMRAM   BANK0   BANK1   BANK2   BANK3   BANK4   BANK5   BANK6   BANK7   BANK8   BANK9  BANK10  BANK11  BANK12  BANK13  BANK14  BANK15
      Params:         0       0       0       0       0       0       0       0       0       0       0       0       0       0       0       0       0
      Locals:         0       0       0       0       0       0       0       0       0       0       0       0       0       0       0       0       0
      Temps:          0       0       0       0       0       0       0       0       0       0       0       0       0       0       0       0       0
      Totals:         0       0       0       0       0       0       0       0       0       0       0       0       0       0       0       0       0
Total ram usage:        0 bytes
 Hardware stack levels used:    1
 Hardware stack levels required when called:    5
 This function calls:
		_DCMotorLeftBkwd
		_DCMotorRightBkwd
 This function is called by:
		_main
 This function uses a non-reentrant model


 *************** function _DCMotorRightBkwd *****************
 Defined at:
		line 32 in file "motors.c"
 Parameters:    Size  Location     Type
		None
 Auto vars:     Size  Location     Type
		None
 Return value:  Size  Location     Type
                  1    wreg      void 
 Registers used:
		None
 Tracked objects:
		On entry : 
		On exit  : 
		Unchanged: 
 Data sizes:     COMRAM   BANK0   BANK1   BANK2   BANK3   BANK4   BANK5   BANK6   BANK7   BANK8   BANK9  BANK10  BANK11  BANK12  BANK13  BANK14  BANK15
      Params:         0       0       0       0       0       0       0       0       0       0       0       0       0       0       0       0       0
      Locals:         0       0       0       0       0       0       0       0       0       0       0       0       0       0       0       0       0
      Temps:          0       0       0       0       0       0       0       0       0       0       0       0       0       0       0       0       0
      Totals:         0       0       0       0       0       0       0       0       0       0       0       0       0       0       0       0       0
Total ram usage:        0 bytes
 Hardware stack levels used:    1
 Hardware stack levels required when called:    4
 This function calls:
		Nothing
 This function is called by:
		_main
		_DCMotorLeftRightBkwdON
 This function uses a non-reentrant model


 *************** function _DCMotorLeftBkwd *****************
 Defined at:
		line 26 in file "motors.c"
 Parameters:    Size  Location     Type
		None
 Auto vars:     Size  Location     Type
		None
 Return value:  Size  Location     Type
                  1    wreg      void 
 Registers used:
		None
 Tracked objects:
		On entry : 
		On exit  : 
		Unchanged: 
 Data sizes:     COMRAM   BANK0   BANK1   BANK2   BANK3   BANK4   BANK5   BANK6   BANK7   BANK8   BANK9  BANK10  BANK11  BANK12  BANK13  BANK14  BANK15
      Params:         0       0       0       0       0       0       0       0       0       0       0       0       0       0       0       0       0
      Locals:         0       0       0       0       0       0       0       0       0       0       0       0       0       0       0       0       0
      Temps:          0       0       0       0       0       0       0       0       0       0       0       0       0       0       0       0       0
      Totals:         0       0       0       0       0       0       0       0       0       0       0       0       0       0       0       0       0
Total ram usage:        0 bytes
 Hardware stack levels used:    1
 Hardware stack levels required when called:    4
 This function calls:
		Nothing
 This function is called by:
		_main
		_DCMotorLeftRightBkwdON
 This function uses a non-reentrant model


 *************** function _DCMotorCenterRight *****************
 Defined at:
		line 9 in file "motors.c"
 Parameters:    Size  Location     Type
		None
 Auto vars:     Size  Location     Type
		None
 Return value:  Size  Location     Type
                  1    wreg      void 
 Registers used:
		None
 Tracked objects:
		On entry : 
		On exit  : 
		Unchanged: 
 Data sizes:     COMRAM   BANK0   BANK1   BANK2   BANK3   BANK4   BANK5   BANK6   BANK7   BANK8   BANK9  BANK10  BANK11  BANK12  BANK13  BANK14  BANK15
      Params:         0       0       0       0       0       0       0       0       0       0       0       0       0       0       0       0       0
      Locals:         0       0       0       0       0       0       0       0       0       0       0       0       0       0       0       0       0
      Temps:          0       0       0       0       0       0       0       0       0       0       0       0       0       0       0       0       0
      Totals:         0       0       0       0       0       0       0       0       0       0       0       0       0       0       0       0       0
Total ram usage:        0 bytes
 Hardware stack levels used:    1
 Hardware stack levels required when called:    4
 This function calls:
		Nothing
 This function is called by:
		_main
 This function uses a non-reentrant model


 *************** function _DCMotorCenterLeft *****************
 Defined at:
		line 4 in file "motors.c"
 Parameters:    Size  Location     Type
		None
 Auto vars:     Size  Location     Type
		None
 Return value:  Size  Location     Type
                  1    wreg      void 
 Registers used:
		None
 Tracked objects:
		On entry : 
		On exit  : 
		Unchanged: 
 Data sizes:     COMRAM   BANK0   BANK1   BANK2   BANK3   BANK4   BANK5   BANK6   BANK7   BANK8   BANK9  BANK10  BANK11  BANK12  BANK13  BANK14  BANK15
      Params:         0       0       0       0       0       0       0       0       0       0       0       0       0       0       0       0       0
      Locals:         0       0       0       0       0       0       0       0       0       0       0       0       0       0       0       0       0
      Temps:          0       0       0       0       0       0       0       0       0       0       0       0       0       0       0       0       0
      Totals:         0       0       0       0       0       0       0       0       0       0       0       0       0       0       0       0       0
Total ram usage:        0 bytes
 Hardware stack levels used:    1
 Hardware stack levels required when called:    4
 This function calls:
		Nothing
 This function is called by:
		_main
 This function uses a non-reentrant model


 *************** function _DCMotorAllOff *****************
 Defined at:
		line 38 in file "motors.c"
 Parameters:    Size  Location     Type
		None
 Auto vars:     Size  Location     Type
		None
 Return value:  Size  Location     Type
                  1    wreg      void 
 Registers used:
		None
 Tracked objects:
		On entry : 
		On exit  : 
		Unchanged: 
 Data sizes:     COMRAM   BANK0   BANK1   BANK2   BANK3   BANK4   BANK5   BANK6   BANK7   BANK8   BANK9  BANK10  BANK11  BANK12  BANK13  BANK14  BANK15
      Params:         0       0       0       0       0       0       0       0       0       0       0       0       0       0       0       0       0
      Locals:         0       0       0       0       0       0       0       0       0       0       0       0       0       0       0       0       0
      Temps:          0       0       0       0       0       0       0       0       0       0       0       0       0       0       0       0       0
      Totals:         0       0       0       0       0       0       0       0       0       0       0       0       0       0       0       0       0
Total ram usage:        0 bytes
 Hardware stack levels used:    1
 Hardware stack levels required when called:    4
 This function calls:
		Nothing
 This function is called by:
		_main
 This function uses a non-reentrant model


 *************** function _low_isr *****************
 Defined at:
		line 365 in file "main.c"
 Parameters:    Size  Location     Type
		None
 Auto vars:     Size  Location     Type
		None
 Return value:  Size  Location     Type
                  1    wreg      void 
 Registers used:
		wreg, fsr2l, fsr2h, status,2, status,0
 Tracked objects:
		On entry : 
		On exit  : 
		Unchanged: 
 Data sizes:     COMRAM   BANK0   BANK1   BANK2   BANK3   BANK4   BANK5   BANK6   BANK7   BANK8   BANK9  BANK10  BANK11  BANK12  BANK13  BANK14  BANK15
      Params:         0       0       0       0       0       0       0       0       0       0       0       0       0       0       0       0       0
      Locals:         0       0       0       0       0       0       0       0       0       0       0       0       0       0       0       0       0
      Temps:          5       0       0       0       0       0       0       0       0       0       0       0       0       0       0       0       0
      Totals:         5       0       0       0       0       0       0       0       0       0       0       0       0       0       0       0       0
Total ram usage:        5 bytes
 Hardware stack levels used:    1
 Hardware stack levels required when called:    3
 This function calls:
		Nothing
 This function is called by:
		Interrupt level 1
 This function uses a non-reentrant model


 *************** function _high_isr *****************
 Defined at:
		line 334 in file "main.c"
 Parameters:    Size  Location     Type
		None
 Auto vars:     Size  Location     Type
		None
 Return value:  Size  Location     Type
                  1    wreg      void 
 Registers used:
		wreg, status,2, status,0, cstack
 Tracked objects:
		On entry : 
		On exit  : 
		Unchanged: 
 Data sizes:     COMRAM   BANK0   BANK1   BANK2   BANK3   BANK4   BANK5   BANK6   BANK7   BANK8   BANK9  BANK10  BANK11  BANK12  BANK13  BANK14  BANK15
      Params:         0       0       0       0       0       0       0       0       0       0       0       0       0       0       0       0       0
      Locals:         0       0       0       0       0       0       0       0       0       0       0       0       0       0       0       0       0
      Temps:          0       0       0       0       0       0       0       0       0       0       0       0       0       0       0       0       0
      Totals:         0       0       0       0       0       0       0       0       0       0       0       0       0       0       0       0       0
Total ram usage:        0 bytes
 Hardware stack levels used:    1
 Hardware stack levels required when called:    2
 This function calls:
		___fladd
		___flsub
 This function is called by:
		Interrupt level 2
 This function uses a non-reentrant model


 *************** function ___flsub *****************
 Defined at:
		line 245 in file "C:\Program Files (x86)\Microchip\xc8\v2.05\pic\sources\c99\common\sprcadd.c"
 Parameters:    Size  Location     Type
  b               4   16[COMRAM] void 
  a               4   20[COMRAM] void 
 Auto vars:     Size  Location     Type
		None
 Return value:  Size  Location     Type
                  4   16[COMRAM] void 
 Registers used:
		wreg, status,2, status,0, cstack
 Tracked objects:
		On entry : 
		On exit  : 
		Unchanged: 
 Data sizes:     COMRAM   BANK0   BANK1   BANK2   BANK3   BANK4   BANK5   BANK6   BANK7   BANK8   BANK9  BANK10  BANK11  BANK12  BANK13  BANK14  BANK15
      Params:         8       0       0       0       0       0       0       0       0       0       0       0       0       0       0       0       0
      Locals:         0       0       0       0       0       0       0       0       0       0       0       0       0       0       0       0       0
      Temps:          0       0       0       0       0       0       0       0       0       0       0       0       0       0       0       0       0
      Totals:         8       0       0       0       0       0       0       0       0       0       0       0       0       0       0       0       0
Total ram usage:        8 bytes
 Hardware stack levels used:    1
 Hardware stack levels required when called:    1
 This function calls:
		___fladd
 This function is called by:
		_high_isr
 This function uses a non-reentrant model


 *************** function ___fladd *****************
 Defined at:
		line 10 in file "C:\Program Files (x86)\Microchip\xc8\v2.05\pic\sources\c99\common\sprcadd.c"
 Parameters:    Size  Location     Type
  b               4    0[COMRAM] void 
  a               4    4[COMRAM] void 
 Auto vars:     Size  Location     Type
  grs             1   15[COMRAM] unsigned char 
  bexp            1   14[COMRAM] unsigned char 
  aexp            1   13[COMRAM] unsigned char 
  signs           1   12[COMRAM] unsigned char 
 Return value:  Size  Location     Type
                  4    0[COMRAM] unsigned char 
 Registers used:
		wreg, status,2, status,0
 Tracked objects:
		On entry : 
		On exit  : 
		Unchanged: 
 Data sizes:     COMRAM   BANK0   BANK1   BANK2   BANK3   BANK4   BANK5   BANK6   BANK7   BANK8   BANK9  BANK10  BANK11  BANK12  BANK13  BANK14  BANK15
      Params:         8       0       0       0       0       0       0       0       0       0       0       0       0       0       0       0       0
      Locals:         4       0       0       0       0       0       0       0       0       0       0       0       0       0       0       0       0
      Temps:          4       0       0       0       0       0       0       0       0       0       0       0       0       0       0       0       0
      Totals:        16       0       0       0       0       0       0       0       0       0       0       0       0       0       0       0       0
Total ram usage:       16 bytes
 Hardware stack levels used:    1
 This function calls:
		Nothing
 This function is called by:
		_high_isr
		___flsub
 This function uses a non-reentrant model



MODULE INFORMATION

Module		Function		Class		Link	Load	Size
motors.c
		_DCMotorRightFwd		CODE           	2784	0000	9
		_DCMotorLeftBkwd		CODE           	279C	0000	9
		_DCMotorCenterRight		CODE           	27A4	0000	7
		_DCMotorLeftRightFwdON		CODE           	2758	0000	11
		_DCMotorRightBkwd		CODE           	2794	0000	9
		_DCMotorAllOff 		CODE           	2728	0000	15
		_DCMotorLeftFwd		CODE           	278C	0000	9
		_DCMotorCenterLeft		CODE           	27AA	0000	7
		_DCMotorLeftRightBkwdON		CODE           	2762	0000	11

motors.c estimated size: 87

uart.c
		_UART_read     		CODE           	268C	0000	39
		_UART_Init     		CODE           	20EE	0000	147
		_UART_available		CODE           	26B2	0000	33
		_UART_send_string		CODE           	1F0E	0000	171
		_UART_send_char		CODE           	26D2	0000	29

uart.c estimated size: 419

C:\Program Files (x86)\Microchip\xc8\v2.05\pic\sources\c99\common\nf_fputc.c
		_fputc         		CODE           	1FB8	0000	161

C:\Program Files (x86)\Microchip\xc8\v2.05\pic\sources\c99\common\nf_fputc.c estimated size: 161

I2C.c
		_I2C_Master_Wait		CODE           	2704	0000	19
		_I2C_Master_Init		CODE           	226C	0000	93
		_I2C_Master_Stop		CODE           	2774	0000	9
		_I2C_Master_Write		CODE           	274E	0000	11
		_I2C_Master_Start		CODE           	277C	0000	9

I2C.c estimated size: 141

C:\Program Files (x86)\Microchip\xc8\v2.05\pic\sources\c99\common\strlen.c
		_strlen        		CODE           	2612	0000	43

C:\Program Files (x86)\Microchip\xc8\v2.05\pic\sources\c99\common\strlen.c estimated size: 43

C:\Program Files (x86)\Microchip\xc8\v2.05\pic\sources\c99\common\isspace.c
		_isspace       		CODE           	253E	0000	63

C:\Program Files (x86)\Microchip\xc8\v2.05\pic\sources\c99\common\isspace.c estimated size: 63

C:\Program Files (x86)\Microchip\xc8\v2.05\pic\sources\c99\common\aldiv.c
		___aldiv       		CODE           	1E42	0000	205

C:\Program Files (x86)\Microchip\xc8\v2.05\pic\sources\c99\common\aldiv.c estimated size: 205

C:\Program Files (x86)\Microchip\xc8\v2.05\pic\sources\c99\common\__lldiv.c
		___lldiv       		CODE           	2180	0000	131

C:\Program Files (x86)\Microchip\xc8\v2.05\pic\sources\c99\common\__lldiv.c estimated size: 131

C:\Program Files (x86)\Microchip\xc8\v2.05\pic\sources\c99\common\doprnt.c
		_vfpfcnvrt     		CODE           	145C	0000	883
		_pad           		CODE           	2058	0000	151
		_ctoa          		CODE           	2412	0000	79
		_vfprintf      		CODE           	22C8	0000	87
		_stoa          		CODE           	1C1A	0000	297

C:\Program Files (x86)\Microchip\xc8\v2.05\pic\sources\c99\common\doprnt.c estimated size: 1497

shared
		_LCD_LINE1_ADDR		SMALLCONST     	1015	0000	2
		_LCD_LINE2_ADDR		SMALLCONST     	0000	0000	0
		_LCD_LINE3_ADDR		SMALLCONST     	0000	0000	0
		_LCD_LINE4_ADDR		SMALLCONST     	0000	0000	0
		_keys          		SMALLCONST     	1001	0000	18
		__initialization		CODE           	231E	0000	69
		_LCD_SIZE_VERT 		SMALLCONST     	1016	0000	2
		_LCD_SIZE_HORZ 		SMALLCONST     	1017	0000	2

shared estimated size: 93

C:\Program Files (x86)\Microchip\xc8\v2.05\pic\sources\c99\common\nf_sprintf.c
		_sprintf       		CODE           	2370	0000	83

C:\Program Files (x86)\Microchip\xc8\v2.05\pic\sources\c99\common\nf_sprintf.c estimated size: 83

rtc.c
		_RTC_Init      		CODE           	25E4	0000	47

rtc.c estimated size: 47

C:\Program Files (x86)\Microchip\xc8\v2.05\pic\sources\c99\common\Umul16.c
		___wmul        		CODE           	2666	0000	39

C:\Program Files (x86)\Microchip\xc8\v2.05\pic\sources\c99\common\Umul16.c estimated size: 39

C:\Program Files (x86)\Microchip\xc8\v2.05\pic\sources\c99\common\atoi.c
		_atoi          		CODE           	1ADA	0000	321

C:\Program Files (x86)\Microchip\xc8\v2.05\pic\sources\c99\common\atoi.c estimated size: 321

lcd.c
		_LCD_set_cursor		CODE           	2460	0000	79
		_send_byte     		CODE           	2716	0000	19
		_putch         		CODE           	2736	0000	13
		_lcdInst       		CODE           	2742	0000	13
		_send_nibble   		CODE           	26EE	0000	23
		_LCD_write_str 		CODE           	24AE	0000	75
		_pulse_e       		CODE           	263C	0000	43
		_initLCD       		CODE           	2202	0000	107

lcd.c estimated size: 372

C:\Program Files (x86)\Microchip\xc8\v2.05\pic\sources\c99\common\nf_fputs.c
		_fputs         		CODE           	257C	0000	57

C:\Program Files (x86)\Microchip\xc8\v2.05\pic\sources\c99\common\nf_fputs.c estimated size: 57

main.c
		_main          		CODE           	1034	0000	1065
		_portSetup     		CODE           	23C2	0000	81
		_high_isr      		CODE           	0008	0000	263
		_low_isr       		CODE           	0018	0000	125

main.c estimated size: 1534

C:\Program Files (x86)\Microchip\xc8\v2.05\pic\sources\c99\common\isdigit.c
		_isdigit       		CODE           	25B4	0000	49

C:\Program Files (x86)\Microchip\xc8\v2.05\pic\sources\c99\common\isdigit.c estimated size: 49

C:\Program Files (x86)\Microchip\xc8\v2.05\pic\sources\c99\common\sprcadd.c
		___flsub       		CODE           	24F8	0000	71
		___fladd       		CODE           	17CE	0000	781

C:\Program Files (x86)\Microchip\xc8\v2.05\pic\sources\c99\common\sprcadd.c estimated size: 852

